> Task :shopro-accounting:compileJava
> Task :shopro-accounting:processResources UP-TO-DATE
> Task :shopro-accounting:classes
> Task :shopro-accounting:resolveMainClassName

> Task :shopro-accounting:bootRun

  .   ____          _            __ _ _
 /\\ / ___'_ __ _ _(_)_ __  __ _ \ \ \ \
( ( )\___ | '_ | '_| | '_ \/ _` | \ \ \ \
 \\/  ___)| |_)| | | | | || (_| |  ) ) ) )
  '  |____| .__|_| |_|_| |_\__, | / / / /
 =========|_|==============|___/=/_/_/_/
 :: Spring Boot ::                (v3.2.3)

2026-04-20T22:50:26.505+05:30  INFO 360417 --- [shopro-accounting] [           main] c.s.accounting.AccountingApplication     : Starting AccountingApplication using Java 21.0.9 with PID 360417 (/home/arun/IdeaProjects/shopro-pos/shopro-accounting/build/classes/java/main started by arun in /home/arun/IdeaProjects/shopro-pos/shopro-accounting)
2026-04-20T22:50:26.507+05:30 DEBUG 360417 --- [shopro-accounting] [           main] c.s.accounting.AccountingApplication     : Running with Spring Boot v3.2.3, Spring v6.1.4
2026-04-20T22:50:26.508+05:30  INFO 360417 --- [shopro-accounting] [           main] c.s.accounting.AccountingApplication     : No active profile set, falling back to 1 default profile: "default"
2026-04-20T22:50:27.035+05:30  INFO 360417 --- [shopro-accounting] [           main] .s.d.r.c.RepositoryConfigurationDelegate : Bootstrapping Spring Data JPA repositories in DEFAULT mode.
2026-04-20T22:50:27.084+05:30  INFO 360417 --- [shopro-accounting] [           main] .s.d.r.c.RepositoryConfigurationDelegate : Finished Spring Data repository scanning in 41 ms. Found 5 JPA repository interfaces.
2026-04-20T22:50:27.775+05:30  INFO 360417 --- [shopro-accounting] [           main] o.s.b.w.embedded.tomcat.TomcatWebServer  : Tomcat initialized with port 8083 (http)
2026-04-20T22:50:27.801+05:30  INFO 360417 --- [shopro-accounting] [           main] o.apache.catalina.core.StandardService   : Starting service [Tomcat]
2026-04-20T22:50:27.802+05:30  INFO 360417 --- [shopro-accounting] [           main] o.apache.catalina.core.StandardEngine    : Starting Servlet engine: [Apache Tomcat/10.1.19]
2026-04-20T22:50:27.843+05:30  INFO 360417 --- [shopro-accounting] [           main] o.a.c.c.C.[Tomcat].[localhost].[/]       : Initializing Spring embedded WebApplicationContext
2026-04-20T22:50:27.844+05:30  INFO 360417 --- [shopro-accounting] [           main] w.s.c.ServletWebServerApplicationContext : Root WebApplicationContext: initialization completed in 1270 ms
2026-04-20T22:50:27.962+05:30  INFO 360417 --- [shopro-accounting] [           main] com.zaxxer.hikari.HikariDataSource       : HikariPool-1 - Starting...
2026-04-20T22:50:28.111+05:30  INFO 360417 --- [shopro-accounting] [           main] com.zaxxer.hikari.pool.HikariPool        : HikariPool-1 - Added connection org.postgresql.jdbc.PgConnection@50085d9c
2026-04-20T22:50:28.112+05:30  INFO 360417 --- [shopro-accounting] [           main] com.zaxxer.hikari.HikariDataSource       : HikariPool-1 - Start completed.
2026-04-20T22:50:28.262+05:30  INFO 360417 --- [shopro-accounting] [           main] o.f.c.i.s.classpath.ClassPathScanner     : Flyway OSS Edition 10.1.0 by Redgate
2026-04-20T22:50:28.262+05:30  INFO 360417 --- [shopro-accounting] [           main] o.f.c.i.s.classpath.ClassPathScanner     : 
2026-04-20T22:50:28.262+05:30  INFO 360417 --- [shopro-accounting] [           main] o.f.c.i.s.classpath.ClassPathScanner     : See release notes here: https://rd.gt/416ObMi
2026-04-20T22:50:28.271+05:30  INFO 360417 --- [shopro-accounting] [           main] org.flywaydb.core.FlywayExecutor         : Database: jdbc:postgresql://localhost:5432/shopro_accounting (PostgreSQL 18.3)
2026-04-20T22:50:28.279+05:30  WARN 360417 --- [shopro-accounting] [           main] o.f.c.internal.database.base.Database    : Flyway upgrade recommended: PostgreSQL 18.3 is newer than this version of Flyway and support has not been tested. The latest supported version of PostgreSQL is 16.
2026-04-20T22:50:28.301+05:30  INFO 360417 --- [shopro-accounting] [           main] o.f.core.internal.command.DbValidate     : Successfully validated 0 migrations (execution time 00:00.015s)
2026-04-20T22:50:28.301+05:30  WARN 360417 --- [shopro-accounting] [           main] o.f.core.internal.command.DbValidate     : No migrations found. Are your locations set up correctly?
2026-04-20T22:50:28.310+05:30  INFO 360417 --- [shopro-accounting] [           main] o.f.core.internal.command.DbMigrate      : Current version of schema "public": << Empty Schema >>
2026-04-20T22:50:28.313+05:30  INFO 360417 --- [shopro-accounting] [           main] o.f.core.internal.command.DbMigrate      : Schema "public" is up to date. No migration necessary.
2026-04-20T22:50:28.390+05:30  INFO 360417 --- [shopro-accounting] [           main] o.hibernate.jpa.internal.util.LogHelper  : HHH000204: Processing PersistenceUnitInfo [name: default]
2026-04-20T22:50:28.436+05:30  INFO 360417 --- [shopro-accounting] [           main] org.hibernate.Version                    : HHH000412: Hibernate ORM core version 6.4.4.Final
2026-04-20T22:50:28.466+05:30  INFO 360417 --- [shopro-accounting] [           main] o.h.c.internal.RegionFactoryInitiator    : HHH000026: Second-level cache disabled
2026-04-20T22:50:28.659+05:30  INFO 360417 --- [shopro-accounting] [           main] o.s.o.j.p.SpringPersistenceUnitInfo      : No LoadTimeWeaver setup: ignoring JPA class transformer
2026-04-20T22:50:28.702+05:30  WARN 360417 --- [shopro-accounting] [           main] org.hibernate.orm.deprecation            : HHH90000025: PostgreSQLDialect does not need to be specified explicitly using 'hibernate.dialect' (remove the property setting and it will be selected by default)
2026-04-20T22:50:29.768+05:30  INFO 360417 --- [shopro-accounting] [           main] o.h.e.t.j.p.i.JtaPlatformInitiator       : HHH000489: No JTA platform available (set 'hibernate.transaction.jta.platform' to enable JTA platform integration)
2026-04-20T22:50:29.807+05:30  INFO 360417 --- [shopro-accounting] [           main] j.LocalContainerEntityManagerFactoryBean : Initialized JPA EntityManagerFactory for persistence unit 'default'
2026-04-20T22:50:30.096+05:30  INFO 360417 --- [shopro-accounting] [           main] o.s.d.j.r.query.QueryEnhancerFactory     : Hibernate is in classpath; If applicable, HQL parser will be used.
2026-04-20T22:50:30.960+05:30  WARN 360417 --- [shopro-accounting] [           main] JpaBaseConfiguration$JpaWebConfiguration : spring.jpa.open-in-view is enabled by default. Therefore, database queries may be performed during view rendering. Explicitly configure spring.jpa.open-in-view to disable this warning
2026-04-20T22:50:30.996+05:30  WARN 360417 --- [shopro-accounting] [           main] .s.s.UserDetailsServiceAutoConfiguration : 

Using generated security password: 4f081074-c901-4fe2-9deb-f98ee3aefc3f

This generated password is for development use only. Your security configuration must be updated before running your application in production.

2026-04-20T22:50:31.314+05:30  INFO 360417 --- [shopro-accounting] [           main] o.s.s.web.DefaultSecurityFilterChain     : Will secure Or [Mvc [pattern='/**']] with [org.springframework.security.web.session.DisableEncodeUrlFilter@1e7b277a, org.springframework.security.web.context.request.async.WebAsyncManagerIntegrationFilter@5d81b90a, org.springframework.security.web.context.SecurityContextHolderFilter@56daf3b1, org.springframework.security.web.header.HeaderWriterFilter@2e6066e1, org.springframework.web.filter.CorsFilter@635791b7, org.springframework.security.web.authentication.logout.LogoutFilter@3a1eb893, org.springframework.security.web.savedrequest.RequestCacheAwareFilter@1ee2e363, org.springframework.security.web.servletapi.SecurityContextHolderAwareRequestFilter@60e83cb9, org.springframework.security.web.authentication.AnonymousAuthenticationFilter@48ac4201, org.springframework.security.web.access.ExceptionTranslationFilter@55145dc5, org.springframework.security.web.access.intercept.AuthorizationFilter@2c5dfc9b]
2026-04-20T22:50:31.923+05:30  INFO 360417 --- [shopro-accounting] [           main] o.s.b.w.embedded.tomcat.TomcatWebServer  : Tomcat started on port 8083 (http) with context path ''
2026-04-20T22:50:31.942+05:30  INFO 360417 --- [shopro-accounting] [           main] c.s.accounting.AccountingApplication     : Started AccountingApplication in 5.874 seconds (process running for 6.202)
2026-04-20T22:50:33.497+05:30  INFO 360417 --- [shopro-accounting] [nio-8083-exec-1] o.a.c.c.C.[Tomcat].[localhost].[/]       : Initializing Spring DispatcherServlet 'dispatcherServlet'
2026-04-20T22:50:33.498+05:30  INFO 360417 --- [shopro-accounting] [nio-8083-exec-1] o.s.web.servlet.DispatcherServlet        : Initializing Servlet 'dispatcherServlet'
2026-04-20T22:50:33.500+05:30  INFO 360417 --- [shopro-accounting] [nio-8083-exec-1] o.s.web.servlet.DispatcherServlet        : Completed initialization in 2 ms
2026-04-20T22:50:33.729+05:30 DEBUG 360417 --- [shopro-accounting] [nio-8083-exec-3] org.hibernate.SQL                        : 
    select
        le1_0.entry_id,
        le1_0.account_code,
        le1_0.account_id,
        le1_0.account_name,
        le1_0.category,
        le1_0.created_at,
        le1_0.created_by,
        le1_0.credit_amount,
        le1_0.currency,
        le1_0.debit_amount,
        le1_0.description,
        le1_0.entry_type,
        le1_0.is_reconciled,
        le1_0.notes,
        le1_0.reference_id,
        le1_0.reference_number,
        le1_0.reference_type,
        le1_0.restaurant_id,
        le1_0.staff_id,
        le1_0.staff_name,
        le1_0.tax_amount,
        le1_0.tax_rate,
        le1_0.transaction_date 
    from
        accounting_ledger le1_0 
    where
        le1_0.restaurant_id=? 
        and le1_0.transaction_date between ? and ?
2026-04-20T22:50:33.729+05:30 DEBUG 360417 --- [shopro-accounting] [nio-8083-exec-2] org.hibernate.SQL                        : 
    select
        le1_0.entry_id,
        le1_0.account_code,
        le1_0.account_id,
        le1_0.account_name,
        le1_0.category,
        le1_0.created_at,
        le1_0.created_by,
        le1_0.credit_amount,
        le1_0.currency,
        le1_0.debit_amount,
        le1_0.description,
        le1_0.entry_type,
        le1_0.is_reconciled,
        le1_0.notes,
        le1_0.reference_id,
        le1_0.reference_number,
        le1_0.reference_type,
        le1_0.restaurant_id,
        le1_0.staff_id,
        le1_0.staff_name,
        le1_0.tax_amount,
        le1_0.tax_rate,
        le1_0.transaction_date 
    from
        accounting_ledger le1_0 
    where
        le1_0.restaurant_id=? 
        and le1_0.transaction_date between ? and ?
2026-04-20T22:50:33.729+05:30 DEBUG 360417 --- [shopro-accounting] [nio-8083-exec-1] org.hibernate.SQL                        : 
    select
        le1_0.entry_id,
        le1_0.account_code,
        le1_0.account_id,
        le1_0.account_name,
        le1_0.category,
        le1_0.created_at,
        le1_0.created_by,
        le1_0.credit_amount,
        le1_0.currency,
        le1_0.debit_amount,
        le1_0.description,
        le1_0.entry_type,
        le1_0.is_reconciled,
        le1_0.notes,
        le1_0.reference_id,
        le1_0.reference_number,
        le1_0.reference_type,
        le1_0.restaurant_id,
        le1_0.staff_id,
        le1_0.staff_name,
        le1_0.tax_amount,
        le1_0.tax_rate,
        le1_0.transaction_date 
    from
        accounting_ledger le1_0 
    where
        le1_0.restaurant_id=? 
        and le1_0.transaction_date between ? and ?
2026-04-20T22:50:33.753+05:30 DEBUG 360417 --- [shopro-accounting] [nio-8083-exec-3] org.hibernate.SQL                        : 
    select
        coa1_0.account_id,
        coa1_0.account_code,
        coa1_0.account_name,
        coa1_0.account_sub_type,
        coa1_0.account_type,
        coa1_0.allow_manual_entry,
        coa1_0.balance,
        coa1_0.created_at,
        coa1_0.default_tax_rate,
        coa1_0.description,
        coa1_0.is_active,
        coa1_0.is_taxable,
        coa1_0.parent_account_id,
        coa1_0.restaurant_id,
        coa1_0.updated_at 
    from
        accounting_chart_of_accounts coa1_0 
    where
        coa1_0.restaurant_id=? 
        and coa1_0.account_type=?
2026-04-20T22:50:33.753+05:30 DEBUG 360417 --- [shopro-accounting] [nio-8083-exec-2] org.hibernate.SQL                        : 
    select
        coa1_0.account_id,
        coa1_0.account_code,
        coa1_0.account_name,
        coa1_0.account_sub_type,
        coa1_0.account_type,
        coa1_0.allow_manual_entry,
        coa1_0.balance,
        coa1_0.created_at,
        coa1_0.default_tax_rate,
        coa1_0.description,
        coa1_0.is_active,
        coa1_0.is_taxable,
        coa1_0.parent_account_id,
        coa1_0.restaurant_id,
        coa1_0.updated_at 
    from
        accounting_chart_of_accounts coa1_0 
    where
        coa1_0.restaurant_id=? 
        and coa1_0.account_type=?
2026-04-20T22:50:33.755+05:30 DEBUG 360417 --- [shopro-accounting] [nio-8083-exec-1] org.hibernate.SQL                        : 
    select
        coa1_0.account_id,
        coa1_0.account_code,
        coa1_0.account_name,
        coa1_0.account_sub_type,
        coa1_0.account_type,
        coa1_0.allow_manual_entry,
        coa1_0.balance,
        coa1_0.created_at,
        coa1_0.default_tax_rate,
        coa1_0.description,
        coa1_0.is_active,
        coa1_0.is_taxable,
        coa1_0.parent_account_id,
        coa1_0.restaurant_id,
        coa1_0.updated_at 
    from
        accounting_chart_of_accounts coa1_0 
    where
        coa1_0.restaurant_id=?
2026-04-20T22:50:33.761+05:30 DEBUG 360417 --- [shopro-accounting] [nio-8083-exec-3] org.hibernate.SQL                        : 
    select
        coa1_0.account_id,
        coa1_0.account_code,
        coa1_0.account_name,
        coa1_0.account_sub_type,
        coa1_0.account_type,
        coa1_0.allow_manual_entry,
        coa1_0.balance,
        coa1_0.created_at,
        coa1_0.default_tax_rate,
        coa1_0.description,
        coa1_0.is_active,
        coa1_0.is_taxable,
        coa1_0.parent_account_id,
        coa1_0.restaurant_id,
        coa1_0.updated_at 
    from
        accounting_chart_of_accounts coa1_0 
    where
        coa1_0.restaurant_id=? 
        and coa1_0.account_type=?
2026-04-20T22:50:33.770+05:30 DEBUG 360417 --- [shopro-accounting] [nio-8083-exec-3] org.hibernate.SQL                        : 
    select
        coa1_0.account_id,
        coa1_0.account_code,
        coa1_0.account_name,
        coa1_0.account_sub_type,
        coa1_0.account_type,
        coa1_0.allow_manual_entry,
        coa1_0.balance,
        coa1_0.created_at,
        coa1_0.default_tax_rate,
        coa1_0.description,
        coa1_0.is_active,
        coa1_0.is_taxable,
        coa1_0.parent_account_id,
        coa1_0.restaurant_id,
        coa1_0.updated_at 
    from
        accounting_chart_of_accounts coa1_0 
    where
        coa1_0.restaurant_id=? 
        and coa1_0.account_type=?
2026-04-20T22:50:33.771+05:30 DEBUG 360417 --- [shopro-accounting] [nio-8083-exec-2] org.hibernate.SQL                        : 
    select
        coa1_0.account_id,
        coa1_0.account_code,
        coa1_0.account_name,
        coa1_0.account_sub_type,
        coa1_0.account_type,
        coa1_0.allow_manual_entry,
        coa1_0.balance,
        coa1_0.created_at,
        coa1_0.default_tax_rate,
        coa1_0.description,
        coa1_0.is_active,
        coa1_0.is_taxable,
        coa1_0.parent_account_id,
        coa1_0.restaurant_id,
        coa1_0.updated_at 
    from
        accounting_chart_of_accounts coa1_0 
    where
        coa1_0.restaurant_id=? 
        and coa1_0.account_type=?
2026-04-20T22:50:33.776+05:30 DEBUG 360417 --- [shopro-accounting] [nio-8083-exec-2] org.hibernate.SQL                        : 
    select
        coa1_0.account_id,
        coa1_0.account_code,
        coa1_0.account_name,
        coa1_0.account_sub_type,
        coa1_0.account_type,
        coa1_0.allow_manual_entry,
        coa1_0.balance,
        coa1_0.created_at,
        coa1_0.default_tax_rate,
        coa1_0.description,
        coa1_0.is_active,
        coa1_0.is_taxable,
        coa1_0.parent_account_id,
        coa1_0.restaurant_id,
        coa1_0.updated_at 
    from
        accounting_chart_of_accounts coa1_0 
    where
        coa1_0.restaurant_id=? 
        and coa1_0.account_type=?
2026-04-20T22:50:33.781+05:30 DEBUG 360417 --- [shopro-accounting] [nio-8083-exec-2] org.hibernate.SQL                        : 
    select
        le1_0.entry_id,
        le1_0.account_code,
        le1_0.account_id,
        le1_0.account_name,
        le1_0.category,
        le1_0.created_at,
        le1_0.created_by,
        le1_0.credit_amount,
        le1_0.currency,
        le1_0.debit_amount,
        le1_0.description,
        le1_0.entry_type,
        le1_0.is_reconciled,
        le1_0.notes,
        le1_0.reference_id,
        le1_0.reference_number,
        le1_0.reference_type,
        le1_0.restaurant_id,
        le1_0.staff_id,
        le1_0.staff_name,
        le1_0.tax_amount,
        le1_0.tax_rate,
        le1_0.transaction_date 
    from
        accounting_ledger le1_0 
    where
        le1_0.restaurant_id=? 
        and le1_0.transaction_date between ? and ?
2026-04-20T22:51:09.228+05:30 DEBUG 360417 --- [shopro-accounting] [nio-8083-exec-5] org.hibernate.SQL                        : 
    select
        le1_0.entry_id,
        le1_0.account_code,
        le1_0.account_id,
        le1_0.account_name,
        le1_0.category,
        le1_0.created_at,
        le1_0.created_by,
        le1_0.credit_amount,
        le1_0.currency,
        le1_0.debit_amount,
        le1_0.description,
        le1_0.entry_type,
        le1_0.is_reconciled,
        le1_0.notes,
        le1_0.reference_id,
        le1_0.reference_number,
        le1_0.reference_type,
        le1_0.restaurant_id,
        le1_0.staff_id,
        le1_0.staff_name,
        le1_0.tax_amount,
        le1_0.tax_rate,
        le1_0.transaction_date 
    from
        accounting_ledger le1_0 
    where
        le1_0.restaurant_id=? 
        and le1_0.transaction_date between ? and ?
2026-04-20T22:51:09.231+05:30 DEBUG 360417 --- [shopro-accounting] [nio-8083-exec-4] org.hibernate.SQL                        : 
    select
        le1_0.entry_id,
        le1_0.account_code,
        le1_0.account_id,
        le1_0.account_name,
        le1_0.category,
        le1_0.created_at,
        le1_0.created_by,
        le1_0.credit_amount,
        le1_0.currency,
        le1_0.debit_amount,
        le1_0.description,
        le1_0.entry_type,
        le1_0.is_reconciled,
        le1_0.notes,
        le1_0.reference_id,
        le1_0.reference_number,
        le1_0.reference_type,
        le1_0.restaurant_id,
        le1_0.staff_id,
        le1_0.staff_name,
        le1_0.tax_amount,
        le1_0.tax_rate,
        le1_0.transaction_date 
    from
        accounting_ledger le1_0 
    where
        le1_0.restaurant_id=? 
        and le1_0.transaction_date between ? and ?
2026-04-20T22:51:09.235+05:30 DEBUG 360417 --- [shopro-accounting] [nio-8083-exec-6] org.hibernate.SQL                        : 
    select
        le1_0.entry_id,
        le1_0.account_code,
        le1_0.account_id,
        le1_0.account_name,
        le1_0.category,
        le1_0.created_at,
        le1_0.created_by,
        le1_0.credit_amount,
        le1_0.currency,
        le1_0.debit_amount,
        le1_0.description,
        le1_0.entry_type,
        le1_0.is_reconciled,
        le1_0.notes,
        le1_0.reference_id,
        le1_0.reference_number,
        le1_0.reference_type,
        le1_0.restaurant_id,
        le1_0.staff_id,
        le1_0.staff_name,
        le1_0.tax_amount,
        le1_0.tax_rate,
        le1_0.transaction_date 
    from
        accounting_ledger le1_0 
    where
        le1_0.restaurant_id=? 
        and le1_0.transaction_date between ? and ?
2026-04-20T22:51:09.241+05:30 DEBUG 360417 --- [shopro-accounting] [nio-8083-exec-4] org.hibernate.SQL                        : 
    select
        coa1_0.account_id,
        coa1_0.account_code,
        coa1_0.account_name,
        coa1_0.account_sub_type,
        coa1_0.account_type,
        coa1_0.allow_manual_entry,
        coa1_0.balance,
        coa1_0.created_at,
        coa1_0.default_tax_rate,
        coa1_0.description,
        coa1_0.is_active,
        coa1_0.is_taxable,
        coa1_0.parent_account_id,
        coa1_0.restaurant_id,
        coa1_0.updated_at 
    from
        accounting_chart_of_accounts coa1_0 
    where
        coa1_0.restaurant_id=? 
        and coa1_0.account_type=?
2026-04-20T22:51:09.245+05:30 DEBUG 360417 --- [shopro-accounting] [nio-8083-exec-5] org.hibernate.SQL                        : 
    select
        coa1_0.account_id,
        coa1_0.account_code,
        coa1_0.account_name,
        coa1_0.account_sub_type,
        coa1_0.account_type,
        coa1_0.allow_manual_entry,
        coa1_0.balance,
        coa1_0.created_at,
        coa1_0.default_tax_rate,
        coa1_0.description,
        coa1_0.is_active,
        coa1_0.is_taxable,
        coa1_0.parent_account_id,
        coa1_0.restaurant_id,
        coa1_0.updated_at 
    from
        accounting_chart_of_accounts coa1_0 
    where
        coa1_0.restaurant_id=? 
        and coa1_0.account_type=?
2026-04-20T22:51:09.248+05:30 DEBUG 360417 --- [shopro-accounting] [nio-8083-exec-4] org.hibernate.SQL                        : 
    select
        coa1_0.account_id,
        coa1_0.account_code,
        coa1_0.account_name,
        coa1_0.account_sub_type,
        coa1_0.account_type,
        coa1_0.allow_manual_entry,
        coa1_0.balance,
        coa1_0.created_at,
        coa1_0.default_tax_rate,
        coa1_0.description,
        coa1_0.is_active,
        coa1_0.is_taxable,
        coa1_0.parent_account_id,
        coa1_0.restaurant_id,
        coa1_0.updated_at 
    from
        accounting_chart_of_accounts coa1_0 
    where
        coa1_0.restaurant_id=? 
        and coa1_0.account_type=?
2026-04-20T22:51:09.250+05:30 DEBUG 360417 --- [shopro-accounting] [nio-8083-exec-6] org.hibernate.SQL                        : 
    select
        coa1_0.account_id,
        coa1_0.account_code,
        coa1_0.account_name,
        coa1_0.account_sub_type,
        coa1_0.account_type,
        coa1_0.allow_manual_entry,
        coa1_0.balance,
        coa1_0.created_at,
        coa1_0.default_tax_rate,
        coa1_0.description,
        coa1_0.is_active,
        coa1_0.is_taxable,
        coa1_0.parent_account_id,
        coa1_0.restaurant_id,
        coa1_0.updated_at 
    from
        accounting_chart_of_accounts coa1_0 
    where
        coa1_0.restaurant_id=?
2026-04-20T22:51:09.253+05:30 DEBUG 360417 --- [shopro-accounting] [nio-8083-exec-5] org.hibernate.SQL                        : 
    select
        coa1_0.account_id,
        coa1_0.account_code,
        coa1_0.account_name,
        coa1_0.account_sub_type,
        coa1_0.account_type,
        coa1_0.allow_manual_entry,
        coa1_0.balance,
        coa1_0.created_at,
        coa1_0.default_tax_rate,
        coa1_0.description,
        coa1_0.is_active,
        coa1_0.is_taxable,
        coa1_0.parent_account_id,
        coa1_0.restaurant_id,
        coa1_0.updated_at 
    from
        accounting_chart_of_accounts coa1_0 
    where
        coa1_0.restaurant_id=? 
        and coa1_0.account_type=?
2026-04-20T22:51:09.253+05:30 DEBUG 360417 --- [shopro-accounting] [nio-8083-exec-4] org.hibernate.SQL                        : 
    select
        coa1_0.account_id,
        coa1_0.account_code,
        coa1_0.account_name,
        coa1_0.account_sub_type,
        coa1_0.account_type,
        coa1_0.allow_manual_entry,
        coa1_0.balance,
        coa1_0.created_at,
        coa1_0.default_tax_rate,
        coa1_0.description,
        coa1_0.is_active,
        coa1_0.is_taxable,
        coa1_0.parent_account_id,
        coa1_0.restaurant_id,
        coa1_0.updated_at 
    from
        accounting_chart_of_accounts coa1_0 
    where
        coa1_0.restaurant_id=? 
        and coa1_0.account_type=?
2026-04-20T22:51:09.265+05:30 DEBUG 360417 --- [shopro-accounting] [nio-8083-exec-5] org.hibernate.SQL                        : 
    select
        coa1_0.account_id,
        coa1_0.account_code,
        coa1_0.account_name,
        coa1_0.account_sub_type,
        coa1_0.account_type,
        coa1_0.allow_manual_entry,
        coa1_0.balance,
        coa1_0.created_at,
        coa1_0.default_tax_rate,
        coa1_0.description,
        coa1_0.is_active,
        coa1_0.is_taxable,
        coa1_0.parent_account_id,
        coa1_0.restaurant_id,
        coa1_0.updated_at 
    from
        accounting_chart_of_accounts coa1_0 
    where
        coa1_0.restaurant_id=? 
        and coa1_0.account_type=?
2026-04-20T22:51:09.281+05:30 DEBUG 360417 --- [shopro-accounting] [nio-8083-exec-5] org.hibernate.SQL                        : 
    select
        le1_0.entry_id,
        le1_0.account_code,
        le1_0.account_id,
        le1_0.account_name,
        le1_0.category,
        le1_0.created_at,
        le1_0.created_by,
        le1_0.credit_amount,
        le1_0.currency,
        le1_0.debit_amount,
        le1_0.description,
        le1_0.entry_type,
        le1_0.is_reconciled,
        le1_0.notes,
        le1_0.reference_id,
        le1_0.reference_number,
        le1_0.reference_type,
        le1_0.restaurant_id,
        le1_0.staff_id,
        le1_0.staff_name,
        le1_0.tax_amount,
        le1_0.tax_rate,
        le1_0.transaction_date 
    from
        accounting_ledger le1_0 
    where
        le1_0.restaurant_id=? 
        and le1_0.transaction_date between ? and ?
2026-04-20T22:51:23.087+05:30 DEBUG 360417 --- [shopro-accounting] [nio-8083-exec-7] org.hibernate.SQL                        : 
    select
        le1_0.entry_id,
        le1_0.account_code,
        le1_0.account_id,
        le1_0.account_name,
        le1_0.category,
        le1_0.created_at,
        le1_0.created_by,
        le1_0.credit_amount,
        le1_0.currency,
        le1_0.debit_amount,
        le1_0.description,
        le1_0.entry_type,
        le1_0.is_reconciled,
        le1_0.notes,
        le1_0.reference_id,
        le1_0.reference_number,
        le1_0.reference_type,
        le1_0.restaurant_id,
        le1_0.staff_id,
        le1_0.staff_name,
        le1_0.tax_amount,
        le1_0.tax_rate,
        le1_0.transaction_date 
    from
        accounting_ledger le1_0 
    where
        le1_0.restaurant_id=? 
        and le1_0.transaction_date between ? and ?
2026-04-20T22:51:23.091+05:30 DEBUG 360417 --- [shopro-accounting] [nio-8083-exec-7] org.hibernate.SQL                        : 
    select
        coa1_0.account_id,
        coa1_0.account_code,
        coa1_0.account_name,
        coa1_0.account_sub_type,
        coa1_0.account_type,
        coa1_0.allow_manual_entry,
        coa1_0.balance,
        coa1_0.created_at,
        coa1_0.default_tax_rate,
        coa1_0.description,
        coa1_0.is_active,
        coa1_0.is_taxable,
        coa1_0.parent_account_id,
        coa1_0.restaurant_id,
        coa1_0.updated_at 
    from
        accounting_chart_of_accounts coa1_0 
    where
        coa1_0.restaurant_id=?
2026-04-20T22:51:31.229+05:30 DEBUG 360417 --- [shopro-accounting] [nio-8083-exec-9] org.hibernate.SQL                        : 
    select
        le1_0.entry_id,
        le1_0.account_code,
        le1_0.account_id,
        le1_0.account_name,
        le1_0.category,
        le1_0.created_at,
        le1_0.created_by,
        le1_0.credit_amount,
        le1_0.currency,
        le1_0.debit_amount,
        le1_0.description,
        le1_0.entry_type,
        le1_0.is_reconciled,
        le1_0.notes,
        le1_0.reference_id,
        le1_0.reference_number,
        le1_0.reference_type,
        le1_0.restaurant_id,
        le1_0.staff_id,
        le1_0.staff_name,
        le1_0.tax_amount,
        le1_0.tax_rate,
        le1_0.transaction_date 
    from
        accounting_ledger le1_0 
    where
        le1_0.restaurant_id=? 
        and le1_0.transaction_date between ? and ?
2026-04-20T22:51:31.245+05:30 DEBUG 360417 --- [shopro-accounting] [nio-8083-exec-9] org.hibernate.SQL                        : 
    select
        coa1_0.account_id,
        coa1_0.account_code,
        coa1_0.account_name,
        coa1_0.account_sub_type,
        coa1_0.account_type,
        coa1_0.allow_manual_entry,
        coa1_0.balance,
        coa1_0.created_at,
        coa1_0.default_tax_rate,
        coa1_0.description,
        coa1_0.is_active,
        coa1_0.is_taxable,
        coa1_0.parent_account_id,
        coa1_0.restaurant_id,
        coa1_0.updated_at 
    from
        accounting_chart_of_accounts coa1_0 
    where
        coa1_0.restaurant_id=? 
        and coa1_0.account_type=?
2026-04-20T22:51:31.245+05:30 DEBUG 360417 --- [shopro-accounting] [io-8083-exec-10] org.hibernate.SQL                        : 
    select
        le1_0.entry_id,
        le1_0.account_code,
        le1_0.account_id,
        le1_0.account_name,
        le1_0.category,
        le1_0.created_at,
        le1_0.created_by,
        le1_0.credit_amount,
        le1_0.currency,
        le1_0.debit_amount,
        le1_0.description,
        le1_0.entry_type,
        le1_0.is_reconciled,
        le1_0.notes,
        le1_0.reference_id,
        le1_0.reference_number,
        le1_0.reference_type,
        le1_0.restaurant_id,
        le1_0.staff_id,
        le1_0.staff_name,
        le1_0.tax_amount,
        le1_0.tax_rate,
        le1_0.transaction_date 
    from
        accounting_ledger le1_0 
    where
        le1_0.restaurant_id=? 
        and le1_0.transaction_date between ? and ?
2026-04-20T22:51:31.247+05:30 DEBUG 360417 --- [shopro-accounting] [nio-8083-exec-2] org.hibernate.SQL                        : 
    select
        le1_0.entry_id,
        le1_0.account_code,
        le1_0.account_id,
        le1_0.account_name,
        le1_0.category,
        le1_0.created_at,
        le1_0.created_by,
        le1_0.credit_amount,
        le1_0.currency,
        le1_0.debit_amount,
        le1_0.description,
        le1_0.entry_type,
        le1_0.is_reconciled,
        le1_0.notes,
        le1_0.reference_id,
        le1_0.reference_number,
        le1_0.reference_type,
        le1_0.restaurant_id,
        le1_0.staff_id,
        le1_0.staff_name,
        le1_0.tax_amount,
        le1_0.tax_rate,
        le1_0.transaction_date 
    from
        accounting_ledger le1_0 
    where
        le1_0.restaurant_id=? 
        and le1_0.transaction_date between ? and ?
2026-04-20T22:51:31.249+05:30 DEBUG 360417 --- [shopro-accounting] [nio-8083-exec-9] org.hibernate.SQL                        : 
    select
        coa1_0.account_id,
        coa1_0.account_code,
        coa1_0.account_name,
        coa1_0.account_sub_type,
        coa1_0.account_type,
        coa1_0.allow_manual_entry,
        coa1_0.balance,
        coa1_0.created_at,
        coa1_0.default_tax_rate,
        coa1_0.description,
        coa1_0.is_active,
        coa1_0.is_taxable,
        coa1_0.parent_account_id,
        coa1_0.restaurant_id,
        coa1_0.updated_at 
    from
        accounting_chart_of_accounts coa1_0 
    where
        coa1_0.restaurant_id=? 
        and coa1_0.account_type=?
2026-04-20T22:51:31.255+05:30 DEBUG 360417 --- [shopro-accounting] [nio-8083-exec-9] org.hibernate.SQL                        : 
    select
        coa1_0.account_id,
        coa1_0.account_code,
        coa1_0.account_name,
        coa1_0.account_sub_type,
        coa1_0.account_type,
        coa1_0.allow_manual_entry,
        coa1_0.balance,
        coa1_0.created_at,
        coa1_0.default_tax_rate,
        coa1_0.description,
        coa1_0.is_active,
        coa1_0.is_taxable,
        coa1_0.parent_account_id,
        coa1_0.restaurant_id,
        coa1_0.updated_at 
    from
        accounting_chart_of_accounts coa1_0 
    where
        coa1_0.restaurant_id=? 
        and coa1_0.account_type=?
2026-04-20T22:51:31.251+05:30 DEBUG 360417 --- [shopro-accounting] [io-8083-exec-10] org.hibernate.SQL                        : 
    select
        coa1_0.account_id,
        coa1_0.account_code,
        coa1_0.account_name,
        coa1_0.account_sub_type,
        coa1_0.account_type,
        coa1_0.allow_manual_entry,
        coa1_0.balance,
        coa1_0.created_at,
        coa1_0.default_tax_rate,
        coa1_0.description,
        coa1_0.is_active,
        coa1_0.is_taxable,
        coa1_0.parent_account_id,
        coa1_0.restaurant_id,
        coa1_0.updated_at 
    from
        accounting_chart_of_accounts coa1_0 
    where
        coa1_0.restaurant_id=? 
        and coa1_0.account_type=?
2026-04-20T22:51:31.271+05:30 DEBUG 360417 --- [shopro-accounting] [io-8083-exec-10] org.hibernate.SQL                        : 
    select
        coa1_0.account_id,
        coa1_0.account_code,
        coa1_0.account_name,
        coa1_0.account_sub_type,
        coa1_0.account_type,
        coa1_0.allow_manual_entry,
        coa1_0.balance,
        coa1_0.created_at,
        coa1_0.default_tax_rate,
        coa1_0.description,
        coa1_0.is_active,
        coa1_0.is_taxable,
        coa1_0.parent_account_id,
        coa1_0.restaurant_id,
        coa1_0.updated_at 
    from
        accounting_chart_of_accounts coa1_0 
    where
        coa1_0.restaurant_id=? 
        and coa1_0.account_type=?
2026-04-20T22:51:31.272+05:30 DEBUG 360417 --- [shopro-accounting] [nio-8083-exec-2] org.hibernate.SQL                        : 
    select
        coa1_0.account_id,
        coa1_0.account_code,
        coa1_0.account_name,
        coa1_0.account_sub_type,
        coa1_0.account_type,
        coa1_0.allow_manual_entry,
        coa1_0.balance,
        coa1_0.created_at,
        coa1_0.default_tax_rate,
        coa1_0.description,
        coa1_0.is_active,
        coa1_0.is_taxable,
        coa1_0.parent_account_id,
        coa1_0.restaurant_id,
        coa1_0.updated_at 
    from
        accounting_chart_of_accounts coa1_0 
    where
        coa1_0.restaurant_id=?
2026-04-20T22:51:31.278+05:30 DEBUG 360417 --- [shopro-accounting] [io-8083-exec-10] org.hibernate.SQL                        : 
    select
        coa1_0.account_id,
        coa1_0.account_code,
        coa1_0.account_name,
        coa1_0.account_sub_type,
        coa1_0.account_type,
        coa1_0.allow_manual_entry,
        coa1_0.balance,
        coa1_0.created_at,
        coa1_0.default_tax_rate,
        coa1_0.description,
        coa1_0.is_active,
        coa1_0.is_taxable,
        coa1_0.parent_account_id,
        coa1_0.restaurant_id,
        coa1_0.updated_at 
    from
        accounting_chart_of_accounts coa1_0 
    where
        coa1_0.restaurant_id=? 
        and coa1_0.account_type=?
2026-04-20T22:51:31.288+05:30 DEBUG 360417 --- [shopro-accounting] [io-8083-exec-10] org.hibernate.SQL                        : 
    select
        le1_0.entry_id,
        le1_0.account_code,
        le1_0.account_id,
        le1_0.account_name,
        le1_0.category,
        le1_0.created_at,
        le1_0.created_by,
        le1_0.credit_amount,
        le1_0.currency,
        le1_0.debit_amount,
        le1_0.description,
        le1_0.entry_type,
        le1_0.is_reconciled,
        le1_0.notes,
        le1_0.reference_id,
        le1_0.reference_number,
        le1_0.reference_type,
        le1_0.restaurant_id,
        le1_0.staff_id,
        le1_0.staff_name,
        le1_0.tax_amount,
        le1_0.tax_rate,
        le1_0.transaction_date 
    from
        accounting_ledger le1_0 
    where
        le1_0.restaurant_id=? 
        and le1_0.transaction_date between ? and ?
2026-04-20T22:51:34.605+05:30 DEBUG 360417 --- [shopro-accounting] [nio-8083-exec-1] org.hibernate.SQL                        : 
    select
        le1_0.entry_id,
        le1_0.account_code,
        le1_0.account_id,
        le1_0.account_name,
        le1_0.category,
        le1_0.created_at,
        le1_0.created_by,
        le1_0.credit_amount,
        le1_0.currency,
        le1_0.debit_amount,
        le1_0.description,
        le1_0.entry_type,
        le1_0.is_reconciled,
        le1_0.notes,
        le1_0.reference_id,
        le1_0.reference_number,
        le1_0.reference_type,
        le1_0.restaurant_id,
        le1_0.staff_id,
        le1_0.staff_name,
        le1_0.tax_amount,
        le1_0.tax_rate,
        le1_0.transaction_date 
    from
        accounting_ledger le1_0 
    where
        le1_0.restaurant_id=? 
        and le1_0.transaction_date between ? and ?
2026-04-20T22:51:34.606+05:30 DEBUG 360417 --- [shopro-accounting] [nio-8083-exec-3] org.hibernate.SQL                        : 
    select
        le1_0.entry_id,
        le1_0.account_code,
        le1_0.account_id,
        le1_0.account_name,
        le1_0.category,
        le1_0.created_at,
        le1_0.created_by,
        le1_0.credit_amount,
        le1_0.currency,
        le1_0.debit_amount,
        le1_0.description,
        le1_0.entry_type,
        le1_0.is_reconciled,
        le1_0.notes,
        le1_0.reference_id,
        le1_0.reference_number,
        le1_0.reference_type,
        le1_0.restaurant_id,
        le1_0.staff_id,
        le1_0.staff_name,
        le1_0.tax_amount,
        le1_0.tax_rate,
        le1_0.transaction_date 
    from
        accounting_ledger le1_0 
    where
        le1_0.restaurant_id=? 
        and le1_0.transaction_date between ? and ?
2026-04-20T22:51:34.610+05:30 DEBUG 360417 --- [shopro-accounting] [nio-8083-exec-4] org.hibernate.SQL                        : 
    select
        le1_0.entry_id,
        le1_0.account_code,
        le1_0.account_id,
        le1_0.account_name,
        le1_0.category,
        le1_0.created_at,
        le1_0.created_by,
        le1_0.credit_amount,
        le1_0.currency,
        le1_0.debit_amount,
        le1_0.description,
        le1_0.entry_type,
        le1_0.is_reconciled,
        le1_0.notes,
        le1_0.reference_id,
        le1_0.reference_number,
        le1_0.reference_type,
        le1_0.restaurant_id,
        le1_0.staff_id,
        le1_0.staff_name,
        le1_0.tax_amount,
        le1_0.tax_rate,
        le1_0.transaction_date 
    from
        accounting_ledger le1_0 
    where
        le1_0.restaurant_id=? 
        and le1_0.transaction_date between ? and ?
2026-04-20T22:51:34.617+05:30 DEBUG 360417 --- [shopro-accounting] [nio-8083-exec-1] org.hibernate.SQL                        : 
    select
        coa1_0.account_id,
        coa1_0.account_code,
        coa1_0.account_name,
        coa1_0.account_sub_type,
        coa1_0.account_type,
        coa1_0.allow_manual_entry,
        coa1_0.balance,
        coa1_0.created_at,
        coa1_0.default_tax_rate,
        coa1_0.description,
        coa1_0.is_active,
        coa1_0.is_taxable,
        coa1_0.parent_account_id,
        coa1_0.restaurant_id,
        coa1_0.updated_at 
    from
        accounting_chart_of_accounts coa1_0 
    where
        coa1_0.restaurant_id=? 
        and coa1_0.account_type=?
2026-04-20T22:51:34.617+05:30 DEBUG 360417 --- [shopro-accounting] [nio-8083-exec-4] org.hibernate.SQL                        : 
    select
        coa1_0.account_id,
        coa1_0.account_code,
        coa1_0.account_name,
        coa1_0.account_sub_type,
        coa1_0.account_type,
        coa1_0.allow_manual_entry,
        coa1_0.balance,
        coa1_0.created_at,
        coa1_0.default_tax_rate,
        coa1_0.description,
        coa1_0.is_active,
        coa1_0.is_taxable,
        coa1_0.parent_account_id,
        coa1_0.restaurant_id,
        coa1_0.updated_at 
    from
        accounting_chart_of_accounts coa1_0 
    where
        coa1_0.restaurant_id=?
2026-04-20T22:51:34.617+05:30 DEBUG 360417 --- [shopro-accounting] [nio-8083-exec-3] org.hibernate.SQL                        : 
    select
        coa1_0.account_id,
        coa1_0.account_code,
        coa1_0.account_name,
        coa1_0.account_sub_type,
        coa1_0.account_type,
        coa1_0.allow_manual_entry,
        coa1_0.balance,
        coa1_0.created_at,
        coa1_0.default_tax_rate,
        coa1_0.description,
        coa1_0.is_active,
        coa1_0.is_taxable,
        coa1_0.parent_account_id,
        coa1_0.restaurant_id,
        coa1_0.updated_at 
    from
        accounting_chart_of_accounts coa1_0 
    where
        coa1_0.restaurant_id=? 
        and coa1_0.account_type=?
2026-04-20T22:51:34.626+05:30 DEBUG 360417 --- [shopro-accounting] [nio-8083-exec-3] org.hibernate.SQL                        : 
    select
        coa1_0.account_id,
        coa1_0.account_code,
        coa1_0.account_name,
        coa1_0.account_sub_type,
        coa1_0.account_type,
        coa1_0.allow_manual_entry,
        coa1_0.balance,
        coa1_0.created_at,
        coa1_0.default_tax_rate,
        coa1_0.description,
        coa1_0.is_active,
        coa1_0.is_taxable,
        coa1_0.parent_account_id,
        coa1_0.restaurant_id,
        coa1_0.updated_at 
    from
        accounting_chart_of_accounts coa1_0 
    where
        coa1_0.restaurant_id=? 
        and coa1_0.account_type=?
2026-04-20T22:51:34.621+05:30 DEBUG 360417 --- [shopro-accounting] [nio-8083-exec-1] org.hibernate.SQL                        : 
    select
        coa1_0.account_id,
        coa1_0.account_code,
        coa1_0.account_name,
        coa1_0.account_sub_type,
        coa1_0.account_type,
        coa1_0.allow_manual_entry,
        coa1_0.balance,
        coa1_0.created_at,
        coa1_0.default_tax_rate,
        coa1_0.description,
        coa1_0.is_active,
        coa1_0.is_taxable,
        coa1_0.parent_account_id,
        coa1_0.restaurant_id,
        coa1_0.updated_at 
    from
        accounting_chart_of_accounts coa1_0 
    where
        coa1_0.restaurant_id=? 
        and coa1_0.account_type=?
2026-04-20T22:51:34.633+05:30 DEBUG 360417 --- [shopro-accounting] [nio-8083-exec-1] org.hibernate.SQL                        : 
    select
        coa1_0.account_id,
        coa1_0.account_code,
        coa1_0.account_name,
        coa1_0.account_sub_type,
        coa1_0.account_type,
        coa1_0.allow_manual_entry,
        coa1_0.balance,
        coa1_0.created_at,
        coa1_0.default_tax_rate,
        coa1_0.description,
        coa1_0.is_active,
        coa1_0.is_taxable,
        coa1_0.parent_account_id,
        coa1_0.restaurant_id,
        coa1_0.updated_at 
    from
        accounting_chart_of_accounts coa1_0 
    where
        coa1_0.restaurant_id=? 
        and coa1_0.account_type=?
2026-04-20T22:51:34.634+05:30 DEBUG 360417 --- [shopro-accounting] [nio-8083-exec-3] org.hibernate.SQL                        : 
    select
        coa1_0.account_id,
        coa1_0.account_code,
        coa1_0.account_name,
        coa1_0.account_sub_type,
        coa1_0.account_type,
        coa1_0.allow_manual_entry,
        coa1_0.balance,
        coa1_0.created_at,
        coa1_0.default_tax_rate,
        coa1_0.description,
        coa1_0.is_active,
        coa1_0.is_taxable,
        coa1_0.parent_account_id,
        coa1_0.restaurant_id,
        coa1_0.updated_at 
    from
        accounting_chart_of_accounts coa1_0 
    where
        coa1_0.restaurant_id=? 
        and coa1_0.account_type=?
2026-04-20T22:51:34.643+05:30 DEBUG 360417 --- [shopro-accounting] [nio-8083-exec-1] org.hibernate.SQL                        : 
    select
        le1_0.entry_id,
        le1_0.account_code,
        le1_0.account_id,
        le1_0.account_name,
        le1_0.category,
        le1_0.created_at,
        le1_0.created_by,
        le1_0.credit_amount,
        le1_0.currency,
        le1_0.debit_amount,
        le1_0.description,
        le1_0.entry_type,
        le1_0.is_reconciled,
        le1_0.notes,
        le1_0.reference_id,
        le1_0.reference_number,
        le1_0.reference_type,
        le1_0.restaurant_id,
        le1_0.staff_id,
        le1_0.staff_name,
        le1_0.tax_amount,
        le1_0.tax_rate,
        le1_0.transaction_date 
    from
        accounting_ledger le1_0 
    where
        le1_0.restaurant_id=? 
        and le1_0.transaction_date between ? and ?
2026-04-20T22:52:28.114+05:30 DEBUG 360417 --- [shopro-accounting] [nio-8083-exec-6] org.hibernate.SQL                        : 
    select
        coa1_0.account_id,
        coa1_0.account_code,
        coa1_0.account_name,
        coa1_0.account_sub_type,
        coa1_0.account_type,
        coa1_0.allow_manual_entry,
        coa1_0.balance,
        coa1_0.created_at,
        coa1_0.default_tax_rate,
        coa1_0.description,
        coa1_0.is_active,
        coa1_0.is_taxable,
        coa1_0.parent_account_id,
        coa1_0.restaurant_id,
        coa1_0.updated_at 
    from
        accounting_chart_of_accounts coa1_0 
    where
        coa1_0.restaurant_id=?
2026-04-20T22:52:28.125+05:30 DEBUG 360417 --- [shopro-accounting] [nio-8083-exec-6] org.hibernate.SQL                        : 
    select
        cast((sum(le1_0.debit_amount)-sum(le1_0.credit_amount)) as float(53)) 
    from
        accounting_ledger le1_0 
    where
        le1_0.account_id=? 
        and le1_0.restaurant_id=?
2026-04-20T22:52:28.129+05:30 DEBUG 360417 --- [shopro-accounting] [nio-8083-exec-6] org.hibernate.SQL                        : 
    select
        cast((sum(le1_0.debit_amount)-sum(le1_0.credit_amount)) as float(53)) 
    from
        accounting_ledger le1_0 
    where
        le1_0.account_id=? 
        and le1_0.restaurant_id=?
2026-04-20T22:52:39.710+05:30 DEBUG 360417 --- [shopro-accounting] [nio-8083-exec-8] org.hibernate.SQL                        : 
    select
        tc1_0.tax_config_id,
        tc1_0.account_code,
        tc1_0.country_code,
        tc1_0.created_at,
        tc1_0.description,
        tc1_0.effective_from,
        tc1_0.effective_to,
        tc1_0.is_active,
        tc1_0.local_code,
        tc1_0.priority,
        tc1_0.restaurant_id,
        tc1_0.state_code,
        tc1_0.tax_applies_to,
        tc1_0.tax_name,
        tc1_0.tax_rate,
        tc1_0.tax_type 
    from
        accounting_tax_config tc1_0 
    where
        tc1_0.restaurant_id=?
2026-04-20T22:52:42.664+05:30 DEBUG 360417 --- [shopro-accounting] [nio-8083-exec-9] org.hibernate.SQL                        : 
    select
        coa1_0.account_id,
        coa1_0.account_code,
        coa1_0.account_name,
        coa1_0.account_sub_type,
        coa1_0.account_type,
        coa1_0.allow_manual_entry,
        coa1_0.balance,
        coa1_0.created_at,
        coa1_0.default_tax_rate,
        coa1_0.description,
        coa1_0.is_active,
        coa1_0.is_taxable,
        coa1_0.parent_account_id,
        coa1_0.restaurant_id,
        coa1_0.updated_at 
    from
        accounting_chart_of_accounts coa1_0 
    where
        coa1_0.restaurant_id=? 
        and coa1_0.account_type=?
2026-04-20T22:52:42.669+05:30 DEBUG 360417 --- [shopro-accounting] [nio-8083-exec-2] org.hibernate.SQL                        : 
    select
        coa1_0.account_id,
        coa1_0.account_code,
        coa1_0.account_name,
        coa1_0.account_sub_type,
        coa1_0.account_type,
        coa1_0.allow_manual_entry,
        coa1_0.balance,
        coa1_0.created_at,
        coa1_0.default_tax_rate,
        coa1_0.description,
        coa1_0.is_active,
        coa1_0.is_taxable,
        coa1_0.parent_account_id,
        coa1_0.restaurant_id,
        coa1_0.updated_at 
    from
        accounting_chart_of_accounts coa1_0 
    where
        coa1_0.restaurant_id=? 
        and coa1_0.account_type=?
2026-04-20T22:52:42.933+05:30 DEBUG 360417 --- [shopro-accounting] [io-8083-exec-10] org.hibernate.SQL                        : 
    select
        coa1_0.account_id,
        coa1_0.account_code,
        coa1_0.account_name,
        coa1_0.account_sub_type,
        coa1_0.account_type,
        coa1_0.allow_manual_entry,
        coa1_0.balance,
        coa1_0.created_at,
        coa1_0.default_tax_rate,
        coa1_0.description,
        coa1_0.is_active,
        coa1_0.is_taxable,
        coa1_0.parent_account_id,
        coa1_0.restaurant_id,
        coa1_0.updated_at 
    from
        accounting_chart_of_accounts coa1_0 
    where
        coa1_0.restaurant_id=? 
        and coa1_0.account_type=?
2026-04-20T22:52:42.935+05:30 DEBUG 360417 --- [shopro-accounting] [nio-8083-exec-4] org.hibernate.SQL                        : 
    select
        coa1_0.account_id,
        coa1_0.account_code,
        coa1_0.account_name,
        coa1_0.account_sub_type,
        coa1_0.account_type,
        coa1_0.allow_manual_entry,
        coa1_0.balance,
        coa1_0.created_at,
        coa1_0.default_tax_rate,
        coa1_0.description,
        coa1_0.is_active,
        coa1_0.is_taxable,
        coa1_0.parent_account_id,
        coa1_0.restaurant_id,
        coa1_0.updated_at 
    from
        accounting_chart_of_accounts coa1_0 
    where
        coa1_0.restaurant_id=? 
        and coa1_0.account_type=?
2026-04-20T22:53:10.191+05:30 DEBUG 360417 --- [shopro-accounting] [nio-8083-exec-3] org.hibernate.SQL                        : 
    select
        coa1_0.account_id,
        coa1_0.account_code,
        coa1_0.account_name,
        coa1_0.account_sub_type,
        coa1_0.account_type,
        coa1_0.allow_manual_entry,
        coa1_0.balance,
        coa1_0.created_at,
        coa1_0.default_tax_rate,
        coa1_0.description,
        coa1_0.is_active,
        coa1_0.is_taxable,
        coa1_0.parent_account_id,
        coa1_0.restaurant_id,
        coa1_0.updated_at 
    from
        accounting_chart_of_accounts coa1_0 
    where
        coa1_0.restaurant_id=? 
        and coa1_0.account_type=?
2026-04-20T22:53:30.177+05:30 DEBUG 360417 --- [shopro-accounting] [nio-8083-exec-6] org.hibernate.SQL                        : 
    select
        le1_0.entry_id,
        le1_0.account_code,
        le1_0.account_id,
        le1_0.account_name,
        le1_0.category,
        le1_0.created_at,
        le1_0.created_by,
        le1_0.credit_amount,
        le1_0.currency,
        le1_0.debit_amount,
        le1_0.description,
        le1_0.entry_type,
        le1_0.is_reconciled,
        le1_0.notes,
        le1_0.reference_id,
        le1_0.reference_number,
        le1_0.reference_type,
        le1_0.restaurant_id,
        le1_0.staff_id,
        le1_0.staff_name,
        le1_0.tax_amount,
        le1_0.tax_rate,
        le1_0.transaction_date 
    from
        accounting_ledger le1_0 
    where
        le1_0.restaurant_id=? 
        and le1_0.transaction_date between ? and ?
2026-04-20T22:53:30.181+05:30 DEBUG 360417 --- [shopro-accounting] [nio-8083-exec-5] org.hibernate.SQL                        : 
    select
        le1_0.entry_id,
        le1_0.account_code,
        le1_0.account_id,
        le1_0.account_name,
        le1_0.category,
        le1_0.created_at,
        le1_0.created_by,
        le1_0.credit_amount,
        le1_0.currency,
        le1_0.debit_amount,
        le1_0.description,
        le1_0.entry_type,
        le1_0.is_reconciled,
        le1_0.notes,
        le1_0.reference_id,
        le1_0.reference_number,
        le1_0.reference_type,
        le1_0.restaurant_id,
        le1_0.staff_id,
        le1_0.staff_name,
        le1_0.tax_amount,
        le1_0.tax_rate,
        le1_0.transaction_date 
    from
        accounting_ledger le1_0 
    where
        le1_0.restaurant_id=? 
        and le1_0.transaction_date between ? and ?
2026-04-20T22:53:30.181+05:30 DEBUG 360417 --- [shopro-accounting] [nio-8083-exec-6] org.hibernate.SQL                        : 
    select
        coa1_0.account_id,
        coa1_0.account_code,
        coa1_0.account_name,
        coa1_0.account_sub_type,
        coa1_0.account_type,
        coa1_0.allow_manual_entry,
        coa1_0.balance,
        coa1_0.created_at,
        coa1_0.default_tax_rate,
        coa1_0.description,
        coa1_0.is_active,
        coa1_0.is_taxable,
        coa1_0.parent_account_id,
        coa1_0.restaurant_id,
        coa1_0.updated_at 
    from
        accounting_chart_of_accounts coa1_0 
    where
        coa1_0.restaurant_id=? 
        and coa1_0.account_type=?
2026-04-20T22:53:30.184+05:30 DEBUG 360417 --- [shopro-accounting] [nio-8083-exec-6] org.hibernate.SQL                        : 
    select
        coa1_0.account_id,
        coa1_0.account_code,
        coa1_0.account_name,
        coa1_0.account_sub_type,
        coa1_0.account_type,
        coa1_0.allow_manual_entry,
        coa1_0.balance,
        coa1_0.created_at,
        coa1_0.default_tax_rate,
        coa1_0.description,
        coa1_0.is_active,
        coa1_0.is_taxable,
        coa1_0.parent_account_id,
        coa1_0.restaurant_id,
        coa1_0.updated_at 
    from
        accounting_chart_of_accounts coa1_0 
    where
        coa1_0.restaurant_id=? 
        and coa1_0.account_type=?
2026-04-20T22:53:30.186+05:30 DEBUG 360417 --- [shopro-accounting] [nio-8083-exec-5] org.hibernate.SQL                        : 
    select
        coa1_0.account_id,
        coa1_0.account_code,
        coa1_0.account_name,
        coa1_0.account_sub_type,
        coa1_0.account_type,
        coa1_0.allow_manual_entry,
        coa1_0.balance,
        coa1_0.created_at,
        coa1_0.default_tax_rate,
        coa1_0.description,
        coa1_0.is_active,
        coa1_0.is_taxable,
        coa1_0.parent_account_id,
        coa1_0.restaurant_id,
        coa1_0.updated_at 
    from
        accounting_chart_of_accounts coa1_0 
    where
        coa1_0.restaurant_id=? 
        and coa1_0.account_type=?
2026-04-20T22:53:30.187+05:30 DEBUG 360417 --- [shopro-accounting] [nio-8083-exec-6] org.hibernate.SQL                        : 
    select
        coa1_0.account_id,
        coa1_0.account_code,
        coa1_0.account_name,
        coa1_0.account_sub_type,
        coa1_0.account_type,
        coa1_0.allow_manual_entry,
        coa1_0.balance,
        coa1_0.created_at,
        coa1_0.default_tax_rate,
        coa1_0.description,
        coa1_0.is_active,
        coa1_0.is_taxable,
        coa1_0.parent_account_id,
        coa1_0.restaurant_id,
        coa1_0.updated_at 
    from
        accounting_chart_of_accounts coa1_0 
    where
        coa1_0.restaurant_id=? 
        and coa1_0.account_type=?
2026-04-20T22:53:30.187+05:30 DEBUG 360417 --- [shopro-accounting] [nio-8083-exec-7] org.hibernate.SQL                        : 
    select
        le1_0.entry_id,
        le1_0.account_code,
        le1_0.account_id,
        le1_0.account_name,
        le1_0.category,
        le1_0.created_at,
        le1_0.created_by,
        le1_0.credit_amount,
        le1_0.currency,
        le1_0.debit_amount,
        le1_0.description,
        le1_0.entry_type,
        le1_0.is_reconciled,
        le1_0.notes,
        le1_0.reference_id,
        le1_0.reference_number,
        le1_0.reference_type,
        le1_0.restaurant_id,
        le1_0.staff_id,
        le1_0.staff_name,
        le1_0.tax_amount,
        le1_0.tax_rate,
        le1_0.transaction_date 
    from
        accounting_ledger le1_0 
    where
        le1_0.restaurant_id=? 
        and le1_0.transaction_date between ? and ?
2026-04-20T22:53:30.188+05:30 DEBUG 360417 --- [shopro-accounting] [nio-8083-exec-5] org.hibernate.SQL                        : 
    select
        coa1_0.account_id,
        coa1_0.account_code,
        coa1_0.account_name,
        coa1_0.account_sub_type,
        coa1_0.account_type,
        coa1_0.allow_manual_entry,
        coa1_0.balance,
        coa1_0.created_at,
        coa1_0.default_tax_rate,
        coa1_0.description,
        coa1_0.is_active,
        coa1_0.is_taxable,
        coa1_0.parent_account_id,
        coa1_0.restaurant_id,
        coa1_0.updated_at 
    from
        accounting_chart_of_accounts coa1_0 
    where
        coa1_0.restaurant_id=? 
        and coa1_0.account_type=?
2026-04-20T22:53:30.192+05:30 DEBUG 360417 --- [shopro-accounting] [nio-8083-exec-7] org.hibernate.SQL                        : 
    select
        coa1_0.account_id,
        coa1_0.account_code,
        coa1_0.account_name,
        coa1_0.account_sub_type,
        coa1_0.account_type,
        coa1_0.allow_manual_entry,
        coa1_0.balance,
        coa1_0.created_at,
        coa1_0.default_tax_rate,
        coa1_0.description,
        coa1_0.is_active,
        coa1_0.is_taxable,
        coa1_0.parent_account_id,
        coa1_0.restaurant_id,
        coa1_0.updated_at 
    from
        accounting_chart_of_accounts coa1_0 
    where
        coa1_0.restaurant_id=?
2026-04-20T22:53:30.194+05:30 DEBUG 360417 --- [shopro-accounting] [nio-8083-exec-5] org.hibernate.SQL                        : 
    select
        coa1_0.account_id,
        coa1_0.account_code,
        coa1_0.account_name,
        coa1_0.account_sub_type,
        coa1_0.account_type,
        coa1_0.allow_manual_entry,
        coa1_0.balance,
        coa1_0.created_at,
        coa1_0.default_tax_rate,
        coa1_0.description,
        coa1_0.is_active,
        coa1_0.is_taxable,
        coa1_0.parent_account_id,
        coa1_0.restaurant_id,
        coa1_0.updated_at 
    from
        accounting_chart_of_accounts coa1_0 
    where
        coa1_0.restaurant_id=? 
        and coa1_0.account_type=?
2026-04-20T22:53:30.198+05:30 DEBUG 360417 --- [shopro-accounting] [nio-8083-exec-5] org.hibernate.SQL                        : 
    select
        le1_0.entry_id,
        le1_0.account_code,
        le1_0.account_id,
        le1_0.account_name,
        le1_0.category,
        le1_0.created_at,
        le1_0.created_by,
        le1_0.credit_amount,
        le1_0.currency,
        le1_0.debit_amount,
        le1_0.description,
        le1_0.entry_type,
        le1_0.is_reconciled,
        le1_0.notes,
        le1_0.reference_id,
        le1_0.reference_number,
        le1_0.reference_type,
        le1_0.restaurant_id,
        le1_0.staff_id,
        le1_0.staff_name,
        le1_0.tax_amount,
        le1_0.tax_rate,
        le1_0.transaction_date 
    from
        accounting_ledger le1_0 
    where
        le1_0.restaurant_id=? 
        and le1_0.transaction_date between ? and ?
2026-04-20T22:53:33.660+05:30 DEBUG 360417 --- [shopro-accounting] [nio-8083-exec-8] org.hibernate.SQL                        : 
    select
        tc1_0.tax_config_id,
        tc1_0.account_code,
        tc1_0.country_code,
        tc1_0.created_at,
        tc1_0.description,
        tc1_0.effective_from,
        tc1_0.effective_to,
        tc1_0.is_active,
        tc1_0.local_code,
        tc1_0.priority,
        tc1_0.restaurant_id,
        tc1_0.state_code,
        tc1_0.tax_applies_to,
        tc1_0.tax_name,
        tc1_0.tax_rate,
        tc1_0.tax_type 
    from
        accounting_tax_config tc1_0 
    where
        tc1_0.restaurant_id=?
2026-04-20T22:53:48.784+05:30 DEBUG 360417 --- [shopro-accounting] [nio-8083-exec-2] org.hibernate.SQL                        : 
    select
        coa1_0.account_id,
        coa1_0.account_code,
        coa1_0.account_name,
        coa1_0.account_sub_type,
        coa1_0.account_type,
        coa1_0.allow_manual_entry,
        coa1_0.balance,
        coa1_0.created_at,
        coa1_0.default_tax_rate,
        coa1_0.description,
        coa1_0.is_active,
        coa1_0.is_taxable,
        coa1_0.parent_account_id,
        coa1_0.restaurant_id,
        coa1_0.updated_at 
    from
        accounting_chart_of_accounts coa1_0 
    where
        coa1_0.restaurant_id=? 
        and coa1_0.account_type=?
2026-04-20T22:53:48.798+05:30 DEBUG 360417 --- [shopro-accounting] [nio-8083-exec-4] org.hibernate.SQL                        : 
    select
        coa1_0.account_id,
        coa1_0.account_code,
        coa1_0.account_name,
        coa1_0.account_sub_type,
        coa1_0.account_type,
        coa1_0.allow_manual_entry,
        coa1_0.balance,
        coa1_0.created_at,
        coa1_0.default_tax_rate,
        coa1_0.description,
        coa1_0.is_active,
        coa1_0.is_taxable,
        coa1_0.parent_account_id,
        coa1_0.restaurant_id,
        coa1_0.updated_at 
    from
        accounting_chart_of_accounts coa1_0 
    where
        coa1_0.restaurant_id=? 
        and coa1_0.account_type=?
2026-04-20T22:53:48.812+05:30 DEBUG 360417 --- [shopro-accounting] [nio-8083-exec-3] org.hibernate.SQL                        : 
    select
        coa1_0.account_id,
        coa1_0.account_code,
        coa1_0.account_name,
        coa1_0.account_sub_type,
        coa1_0.account_type,
        coa1_0.allow_manual_entry,
        coa1_0.balance,
        coa1_0.created_at,
        coa1_0.default_tax_rate,
        coa1_0.description,
        coa1_0.is_active,
        coa1_0.is_taxable,
        coa1_0.parent_account_id,
        coa1_0.restaurant_id,
        coa1_0.updated_at 
    from
        accounting_chart_of_accounts coa1_0 
    where
        coa1_0.restaurant_id=?
2026-04-20T22:53:48.816+05:30 DEBUG 360417 --- [shopro-accounting] [nio-8083-exec-3] org.hibernate.SQL                        : 
    select
        cast((sum(le1_0.debit_amount)-sum(le1_0.credit_amount)) as float(53)) 
    from
        accounting_ledger le1_0 
    where
        le1_0.account_id=? 
        and le1_0.restaurant_id=?
2026-04-20T22:53:48.819+05:30 DEBUG 360417 --- [shopro-accounting] [nio-8083-exec-3] org.hibernate.SQL                        : 
    select
        cast((sum(le1_0.debit_amount)-sum(le1_0.credit_amount)) as float(53)) 
    from
        accounting_ledger le1_0 
    where
        le1_0.account_id=? 
        and le1_0.restaurant_id=?
2026-04-20T22:53:48.834+05:30 DEBUG 360417 --- [shopro-accounting] [nio-8083-exec-6] org.hibernate.SQL                        : 
    select
        tc1_0.tax_config_id,
        tc1_0.account_code,
        tc1_0.country_code,
        tc1_0.created_at,
        tc1_0.description,
        tc1_0.effective_from,
        tc1_0.effective_to,
        tc1_0.is_active,
        tc1_0.local_code,
        tc1_0.priority,
        tc1_0.restaurant_id,
        tc1_0.state_code,
        tc1_0.tax_applies_to,
        tc1_0.tax_name,
        tc1_0.tax_rate,
        tc1_0.tax_type 
    from
        accounting_tax_config tc1_0 
    where
        tc1_0.restaurant_id=?
2026-04-20T22:54:34.786+05:30 DEBUG 360417 --- [shopro-accounting] [nio-8083-exec-2] org.hibernate.SQL                        : 
    select
        tc1_0.tax_config_id,
        tc1_0.account_code,
        tc1_0.country_code,
        tc1_0.created_at,
        tc1_0.description,
        tc1_0.effective_from,
        tc1_0.effective_to,
        tc1_0.is_active,
        tc1_0.local_code,
        tc1_0.priority,
        tc1_0.restaurant_id,
        tc1_0.state_code,
        tc1_0.tax_applies_to,
        tc1_0.tax_name,
        tc1_0.tax_rate,
        tc1_0.tax_type 
    from
        accounting_tax_config tc1_0 
    where
        tc1_0.restaurant_id=?
2026-04-20T22:54:41.495+05:30 DEBUG 360417 --- [shopro-accounting] [io-8083-exec-10] org.hibernate.SQL                        : 
    select
        coa1_0.account_id,
        coa1_0.account_code,
        coa1_0.account_name,
        coa1_0.account_sub_type,
        coa1_0.account_type,
        coa1_0.allow_manual_entry,
        coa1_0.balance,
        coa1_0.created_at,
        coa1_0.default_tax_rate,
        coa1_0.description,
        coa1_0.is_active,
        coa1_0.is_taxable,
        coa1_0.parent_account_id,
        coa1_0.restaurant_id,
        coa1_0.updated_at 
    from
        accounting_chart_of_accounts coa1_0 
    where
        coa1_0.restaurant_id=? 
        and coa1_0.account_type=?
2026-04-20T22:54:41.495+05:30 DEBUG 360417 --- [shopro-accounting] [nio-8083-exec-4] org.hibernate.SQL                        : 
    select
        coa1_0.account_id,
        coa1_0.account_code,
        coa1_0.account_name,
        coa1_0.account_sub_type,
        coa1_0.account_type,
        coa1_0.allow_manual_entry,
        coa1_0.balance,
        coa1_0.created_at,
        coa1_0.default_tax_rate,
        coa1_0.description,
        coa1_0.is_active,
        coa1_0.is_taxable,
        coa1_0.parent_account_id,
        coa1_0.restaurant_id,
        coa1_0.updated_at 
    from
        accounting_chart_of_accounts coa1_0 
    where
        coa1_0.restaurant_id=? 
        and coa1_0.account_type=?
2026-04-20T22:54:46.819+05:30 DEBUG 360417 --- [shopro-accounting] [nio-8083-exec-3] org.hibernate.SQL                        : 
    select
        coa1_0.account_id,
        coa1_0.account_code,
        coa1_0.account_name,
        coa1_0.account_sub_type,
        coa1_0.account_type,
        coa1_0.allow_manual_entry,
        coa1_0.balance,
        coa1_0.created_at,
        coa1_0.default_tax_rate,
        coa1_0.description,
        coa1_0.is_active,
        coa1_0.is_taxable,
        coa1_0.parent_account_id,
        coa1_0.restaurant_id,
        coa1_0.updated_at 
    from
        accounting_chart_of_accounts coa1_0 
    where
        coa1_0.restaurant_id=? 
        and coa1_0.account_type=?
2026-04-20T22:54:46.824+05:30 DEBUG 360417 --- [shopro-accounting] [nio-8083-exec-1] org.hibernate.SQL                        : 
    select
        coa1_0.account_id,
        coa1_0.account_code,
        coa1_0.account_name,
        coa1_0.account_sub_type,
        coa1_0.account_type,
        coa1_0.allow_manual_entry,
        coa1_0.balance,
        coa1_0.created_at,
        coa1_0.default_tax_rate,
        coa1_0.description,
        coa1_0.is_active,
        coa1_0.is_taxable,
        coa1_0.parent_account_id,
        coa1_0.restaurant_id,
        coa1_0.updated_at 
    from
        accounting_chart_of_accounts coa1_0 
    where
        coa1_0.restaurant_id=? 
        and coa1_0.account_type=?
2026-04-20T22:55:29.337+05:30 DEBUG 360417 --- [shopro-accounting] [nio-8083-exec-6] org.hibernate.SQL                        : 
    select
        coa1_0.account_id,
        coa1_0.account_code,
        coa1_0.account_name,
        coa1_0.account_sub_type,
        coa1_0.account_type,
        coa1_0.allow_manual_entry,
        coa1_0.balance,
        coa1_0.created_at,
        coa1_0.default_tax_rate,
        coa1_0.description,
        coa1_0.is_active,
        coa1_0.is_taxable,
        coa1_0.parent_account_id,
        coa1_0.restaurant_id,
        coa1_0.updated_at 
    from
        accounting_chart_of_accounts coa1_0 
    where
        coa1_0.restaurant_id=? 
        and coa1_0.account_type=?
2026-04-20T22:55:29.347+05:30 DEBUG 360417 --- [shopro-accounting] [nio-8083-exec-7] org.hibernate.SQL                        : 
    select
        coa1_0.account_id,
        coa1_0.account_code,
        coa1_0.account_name,
        coa1_0.account_sub_type,
        coa1_0.account_type,
        coa1_0.allow_manual_entry,
        coa1_0.balance,
        coa1_0.created_at,
        coa1_0.default_tax_rate,
        coa1_0.description,
        coa1_0.is_active,
        coa1_0.is_taxable,
        coa1_0.parent_account_id,
        coa1_0.restaurant_id,
        coa1_0.updated_at 
    from
        accounting_chart_of_accounts coa1_0 
    where
        coa1_0.restaurant_id=? 
        and coa1_0.account_type=?
2026-04-20T22:55:30.287+05:30 DEBUG 360417 --- [shopro-accounting] [nio-8083-exec-8] org.hibernate.SQL                        : 
    select
        coa1_0.account_id,
        coa1_0.account_code,
        coa1_0.account_name,
        coa1_0.account_sub_type,
        coa1_0.account_type,
        coa1_0.allow_manual_entry,
        coa1_0.balance,
        coa1_0.created_at,
        coa1_0.default_tax_rate,
        coa1_0.description,
        coa1_0.is_active,
        coa1_0.is_taxable,
        coa1_0.parent_account_id,
        coa1_0.restaurant_id,
        coa1_0.updated_at 
    from
        accounting_chart_of_accounts coa1_0 
    where
        coa1_0.restaurant_id=? 
        and coa1_0.account_type=?
2026-04-20T22:55:30.292+05:30 DEBUG 360417 --- [shopro-accounting] [nio-8083-exec-5] org.hibernate.SQL                        : 
    select
        coa1_0.account_id,
        coa1_0.account_code,
        coa1_0.account_name,
        coa1_0.account_sub_type,
        coa1_0.account_type,
        coa1_0.allow_manual_entry,
        coa1_0.balance,
        coa1_0.created_at,
        coa1_0.default_tax_rate,
        coa1_0.description,
        coa1_0.is_active,
        coa1_0.is_taxable,
        coa1_0.parent_account_id,
        coa1_0.restaurant_id,
        coa1_0.updated_at 
    from
        accounting_chart_of_accounts coa1_0 
    where
        coa1_0.restaurant_id=? 
        and coa1_0.account_type=?
2026-04-20T22:55:34.533+05:30 DEBUG 360417 --- [shopro-accounting] [nio-8083-exec-9] org.hibernate.SQL                        : 
    select
        coa1_0.account_id,
        coa1_0.account_code,
        coa1_0.account_name,
        coa1_0.account_sub_type,
        coa1_0.account_type,
        coa1_0.allow_manual_entry,
        coa1_0.balance,
        coa1_0.created_at,
        coa1_0.default_tax_rate,
        coa1_0.description,
        coa1_0.is_active,
        coa1_0.is_taxable,
        coa1_0.parent_account_id,
        coa1_0.restaurant_id,
        coa1_0.updated_at 
    from
        accounting_chart_of_accounts coa1_0 
    where
        coa1_0.restaurant_id=?
2026-04-20T22:55:34.537+05:30 DEBUG 360417 --- [shopro-accounting] [nio-8083-exec-9] org.hibernate.SQL                        : 
    select
        cast((sum(le1_0.debit_amount)-sum(le1_0.credit_amount)) as float(53)) 
    from
        accounting_ledger le1_0 
    where
        le1_0.account_id=? 
        and le1_0.restaurant_id=?
2026-04-20T22:55:34.541+05:30 DEBUG 360417 --- [shopro-accounting] [nio-8083-exec-9] org.hibernate.SQL                        : 
    select
        cast((sum(le1_0.debit_amount)-sum(le1_0.credit_amount)) as float(53)) 
    from
        accounting_ledger le1_0 
    where
        le1_0.account_id=? 
        and le1_0.restaurant_id=?
2026-04-20T22:56:17.066+05:30 DEBUG 360417 --- [shopro-accounting] [nio-8083-exec-3] org.hibernate.SQL                        : 
    select
        coa1_0.account_id,
        coa1_0.account_code,
        coa1_0.account_name,
        coa1_0.account_sub_type,
        coa1_0.account_type,
        coa1_0.allow_manual_entry,
        coa1_0.balance,
        coa1_0.created_at,
        coa1_0.default_tax_rate,
        coa1_0.description,
        coa1_0.is_active,
        coa1_0.is_taxable,
        coa1_0.parent_account_id,
        coa1_0.restaurant_id,
        coa1_0.updated_at 
    from
        accounting_chart_of_accounts coa1_0 
    where
        coa1_0.account_id=?
2026-04-20T22:56:17.084+05:30  INFO 360417 --- [shopro-accounting] [nio-8083-exec-3] c.s.a.service.CashManagementService      : Cash transfer successful: 4 from Cash - General to Cash - General
2026-04-20T22:56:17.104+05:30 DEBUG 360417 --- [shopro-accounting] [nio-8083-exec-3] org.hibernate.SQL                        : 
    insert 
    into
        accounting_ledger
        (account_code, account_id, account_name, category, created_at, created_by, credit_amount, currency, debit_amount, description, entry_type, is_reconciled, notes, reference_id, reference_number, reference_type, restaurant_id, staff_id, staff_name, tax_amount, tax_rate, transaction_date, entry_id) 
    values
        (?, ?, ?, ?, ?, ?, ?, ?, ?, ?, ?, ?, ?, ?, ?, ?, ?, ?, ?, ?, ?, ?, ?)
2026-04-20T22:56:17.113+05:30 DEBUG 360417 --- [shopro-accounting] [nio-8083-exec-3] org.hibernate.SQL                        : 
    insert 
    into
        accounting_ledger
        (account_code, account_id, account_name, category, created_at, created_by, credit_amount, currency, debit_amount, description, entry_type, is_reconciled, notes, reference_id, reference_number, reference_type, restaurant_id, staff_id, staff_name, tax_amount, tax_rate, transaction_date, entry_id) 
    values
        (?, ?, ?, ?, ?, ?, ?, ?, ?, ?, ?, ?, ?, ?, ?, ?, ?, ?, ?, ?, ?, ?, ?)
2026-04-20T22:56:17.159+05:30 DEBUG 360417 --- [shopro-accounting] [nio-8083-exec-1] org.hibernate.SQL                        : 
    select
        coa1_0.account_id,
        coa1_0.account_code,
        coa1_0.account_name,
        coa1_0.account_sub_type,
        coa1_0.account_type,
        coa1_0.allow_manual_entry,
        coa1_0.balance,
        coa1_0.created_at,
        coa1_0.default_tax_rate,
        coa1_0.description,
        coa1_0.is_active,
        coa1_0.is_taxable,
        coa1_0.parent_account_id,
        coa1_0.restaurant_id,
        coa1_0.updated_at 
    from
        accounting_chart_of_accounts coa1_0 
    where
        coa1_0.restaurant_id=?
2026-04-20T22:56:17.163+05:30 DEBUG 360417 --- [shopro-accounting] [nio-8083-exec-1] org.hibernate.SQL                        : 
    select
        cast((sum(le1_0.debit_amount)-sum(le1_0.credit_amount)) as float(53)) 
    from
        accounting_ledger le1_0 
    where
        le1_0.account_id=? 
        and le1_0.restaurant_id=?
2026-04-20T22:56:17.165+05:30 DEBUG 360417 --- [shopro-accounting] [nio-8083-exec-1] org.hibernate.SQL                        : 
    select
        cast((sum(le1_0.debit_amount)-sum(le1_0.credit_amount)) as float(53)) 
    from
        accounting_ledger le1_0 
    where
        le1_0.account_id=? 
        and le1_0.restaurant_id=?
2026-04-20T22:56:45.087+05:30 DEBUG 360417 --- [shopro-accounting] [nio-8083-exec-7] org.hibernate.SQL                        : 
    select
        coa1_0.account_id,
        coa1_0.account_code,
        coa1_0.account_name,
        coa1_0.account_sub_type,
        coa1_0.account_type,
        coa1_0.allow_manual_entry,
        coa1_0.balance,
        coa1_0.created_at,
        coa1_0.default_tax_rate,
        coa1_0.description,
        coa1_0.is_active,
        coa1_0.is_taxable,
        coa1_0.parent_account_id,
        coa1_0.restaurant_id,
        coa1_0.updated_at 
    from
        accounting_chart_of_accounts coa1_0 
    where
        coa1_0.account_id=?
2026-04-20T22:56:45.090+05:30  INFO 360417 --- [shopro-accounting] [nio-8083-exec-7] c.s.a.service.CashManagementService      : Cash transfer successful: 33 from Cash - General to Cash - General
2026-04-20T22:56:45.091+05:30 DEBUG 360417 --- [shopro-accounting] [nio-8083-exec-7] org.hibernate.SQL                        : 
    insert 
    into
        accounting_ledger
        (account_code, account_id, account_name, category, created_at, created_by, credit_amount, currency, debit_amount, description, entry_type, is_reconciled, notes, reference_id, reference_number, reference_type, restaurant_id, staff_id, staff_name, tax_amount, tax_rate, transaction_date, entry_id) 
    values
        (?, ?, ?, ?, ?, ?, ?, ?, ?, ?, ?, ?, ?, ?, ?, ?, ?, ?, ?, ?, ?, ?, ?)
2026-04-20T22:56:45.093+05:30 DEBUG 360417 --- [shopro-accounting] [nio-8083-exec-7] org.hibernate.SQL                        : 
    insert 
    into
        accounting_ledger
        (account_code, account_id, account_name, category, created_at, created_by, credit_amount, currency, debit_amount, description, entry_type, is_reconciled, notes, reference_id, reference_number, reference_type, restaurant_id, staff_id, staff_name, tax_amount, tax_rate, transaction_date, entry_id) 
    values
        (?, ?, ?, ?, ?, ?, ?, ?, ?, ?, ?, ?, ?, ?, ?, ?, ?, ?, ?, ?, ?, ?, ?)
2026-04-20T22:56:45.221+05:30 DEBUG 360417 --- [shopro-accounting] [nio-8083-exec-5] org.hibernate.SQL                        : 
    select
        coa1_0.account_id,
        coa1_0.account_code,
        coa1_0.account_name,
        coa1_0.account_sub_type,
        coa1_0.account_type,
        coa1_0.allow_manual_entry,
        coa1_0.balance,
        coa1_0.created_at,
        coa1_0.default_tax_rate,
        coa1_0.description,
        coa1_0.is_active,
        coa1_0.is_taxable,
        coa1_0.parent_account_id,
        coa1_0.restaurant_id,
        coa1_0.updated_at 
    from
        accounting_chart_of_accounts coa1_0 
    where
        coa1_0.restaurant_id=?
2026-04-20T22:56:45.225+05:30 DEBUG 360417 --- [shopro-accounting] [nio-8083-exec-5] org.hibernate.SQL                        : 
    select
        cast((sum(le1_0.debit_amount)-sum(le1_0.credit_amount)) as float(53)) 
    from
        accounting_ledger le1_0 
    where
        le1_0.account_id=? 
        and le1_0.restaurant_id=?
2026-04-20T22:56:45.228+05:30 DEBUG 360417 --- [shopro-accounting] [nio-8083-exec-5] org.hibernate.SQL                        : 
    select
        cast((sum(le1_0.debit_amount)-sum(le1_0.credit_amount)) as float(53)) 
    from
        accounting_ledger le1_0 
    where
        le1_0.account_id=? 
        and le1_0.restaurant_id=?
2026-04-20T22:57:21.438+05:30 DEBUG 360417 --- [shopro-accounting] [nio-8083-exec-8] org.hibernate.SQL                        : 
    select
        coa1_0.account_id,
        coa1_0.account_code,
        coa1_0.account_name,
        coa1_0.account_sub_type,
        coa1_0.account_type,
        coa1_0.allow_manual_entry,
        coa1_0.balance,
        coa1_0.created_at,
        coa1_0.default_tax_rate,
        coa1_0.description,
        coa1_0.is_active,
        coa1_0.is_taxable,
        coa1_0.parent_account_id,
        coa1_0.restaurant_id,
        coa1_0.updated_at 
    from
        accounting_chart_of_accounts coa1_0 
    where
        coa1_0.restaurant_id=?
2026-04-20T22:57:21.448+05:30 DEBUG 360417 --- [shopro-accounting] [nio-8083-exec-8] org.hibernate.SQL                        : 
    select
        cast((sum(le1_0.debit_amount)-sum(le1_0.credit_amount)) as float(53)) 
    from
        accounting_ledger le1_0 
    where
        le1_0.account_id=? 
        and le1_0.restaurant_id=?
2026-04-20T22:57:21.456+05:30 DEBUG 360417 --- [shopro-accounting] [nio-8083-exec-8] org.hibernate.SQL                        : 
    select
        cast((sum(le1_0.debit_amount)-sum(le1_0.credit_amount)) as float(53)) 
    from
        accounting_ledger le1_0 
    where
        le1_0.account_id=? 
        and le1_0.restaurant_id=?
2026-04-20T22:57:52.438+05:30 DEBUG 360417 --- [shopro-accounting] [nio-8083-exec-9] org.hibernate.SQL                        : 
    select
        coa1_0.account_id,
        coa1_0.account_code,
        coa1_0.account_name,
        coa1_0.account_sub_type,
        coa1_0.account_type,
        coa1_0.allow_manual_entry,
        coa1_0.balance,
        coa1_0.created_at,
        coa1_0.default_tax_rate,
        coa1_0.description,
        coa1_0.is_active,
        coa1_0.is_taxable,
        coa1_0.parent_account_id,
        coa1_0.restaurant_id,
        coa1_0.updated_at 
    from
        accounting_chart_of_accounts coa1_0 
    where
        coa1_0.restaurant_id=?
2026-04-20T22:57:52.444+05:30 DEBUG 360417 --- [shopro-accounting] [nio-8083-exec-9] org.hibernate.SQL                        : 
    select
        cast((sum(le1_0.debit_amount)-sum(le1_0.credit_amount)) as float(53)) 
    from
        accounting_ledger le1_0 
    where
        le1_0.account_id=? 
        and le1_0.restaurant_id=?
2026-04-20T22:57:52.448+05:30 DEBUG 360417 --- [shopro-accounting] [nio-8083-exec-9] org.hibernate.SQL                        : 
    select
        cast((sum(le1_0.debit_amount)-sum(le1_0.credit_amount)) as float(53)) 
    from
        accounting_ledger le1_0 
    where
        le1_0.account_id=? 
        and le1_0.restaurant_id=?
2026-04-20T22:57:54.048+05:30 DEBUG 360417 --- [shopro-accounting] [nio-8083-exec-2] org.hibernate.SQL                        : 
    select
        coa1_0.account_id,
        coa1_0.account_code,
        coa1_0.account_name,
        coa1_0.account_sub_type,
        coa1_0.account_type,
        coa1_0.allow_manual_entry,
        coa1_0.balance,
        coa1_0.created_at,
        coa1_0.default_tax_rate,
        coa1_0.description,
        coa1_0.is_active,
        coa1_0.is_taxable,
        coa1_0.parent_account_id,
        coa1_0.restaurant_id,
        coa1_0.updated_at 
    from
        accounting_chart_of_accounts coa1_0 
    where
        coa1_0.restaurant_id=?
2026-04-20T22:57:54.058+05:30 DEBUG 360417 --- [shopro-accounting] [nio-8083-exec-2] org.hibernate.SQL                        : 
    select
        cast((sum(le1_0.debit_amount)-sum(le1_0.credit_amount)) as float(53)) 
    from
        accounting_ledger le1_0 
    where
        le1_0.account_id=? 
        and le1_0.restaurant_id=?
2026-04-20T22:57:54.063+05:30 DEBUG 360417 --- [shopro-accounting] [nio-8083-exec-2] org.hibernate.SQL                        : 
    select
        cast((sum(le1_0.debit_amount)-sum(le1_0.credit_amount)) as float(53)) 
    from
        accounting_ledger le1_0 
    where
        le1_0.account_id=? 
        and le1_0.restaurant_id=?
2026-04-20T22:59:08.914+05:30 DEBUG 360417 --- [shopro-accounting] [io-8083-exec-10] org.hibernate.SQL                        : 
    select
        coa1_0.account_id,
        coa1_0.account_code,
        coa1_0.account_name,
        coa1_0.account_sub_type,
        coa1_0.account_type,
        coa1_0.allow_manual_entry,
        coa1_0.balance,
        coa1_0.created_at,
        coa1_0.default_tax_rate,
        coa1_0.description,
        coa1_0.is_active,
        coa1_0.is_taxable,
        coa1_0.parent_account_id,
        coa1_0.restaurant_id,
        coa1_0.updated_at 
    from
        accounting_chart_of_accounts coa1_0 
    where
        coa1_0.restaurant_id=?
2026-04-20T22:59:08.927+05:30 DEBUG 360417 --- [shopro-accounting] [io-8083-exec-10] org.hibernate.SQL                        : 
    select
        cast((sum(le1_0.debit_amount)-sum(le1_0.credit_amount)) as float(53)) 
    from
        accounting_ledger le1_0 
    where
        le1_0.account_id=? 
        and le1_0.restaurant_id=?
2026-04-20T22:59:08.931+05:30 DEBUG 360417 --- [shopro-accounting] [io-8083-exec-10] org.hibernate.SQL                        : 
    select
        cast((sum(le1_0.debit_amount)-sum(le1_0.credit_amount)) as float(53)) 
    from
        accounting_ledger le1_0 
    where
        le1_0.account_id=? 
        and le1_0.restaurant_id=?
2026-04-20T22:59:14.664+05:30 DEBUG 360417 --- [shopro-accounting] [nio-8083-exec-3] org.hibernate.SQL                        : 
    select
        tc1_0.tax_config_id,
        tc1_0.account_code,
        tc1_0.country_code,
        tc1_0.created_at,
        tc1_0.description,
        tc1_0.effective_from,
        tc1_0.effective_to,
        tc1_0.is_active,
        tc1_0.local_code,
        tc1_0.priority,
        tc1_0.restaurant_id,
        tc1_0.state_code,
        tc1_0.tax_applies_to,
        tc1_0.tax_name,
        tc1_0.tax_rate,
        tc1_0.tax_type 
    from
        accounting_tax_config tc1_0 
    where
        tc1_0.restaurant_id=?
2026-04-20T22:59:15.164+05:30 DEBUG 360417 --- [shopro-accounting] [nio-8083-exec-1] org.hibernate.SQL                        : 
    select
        coa1_0.account_id,
        coa1_0.account_code,
        coa1_0.account_name,
        coa1_0.account_sub_type,
        coa1_0.account_type,
        coa1_0.allow_manual_entry,
        coa1_0.balance,
        coa1_0.created_at,
        coa1_0.default_tax_rate,
        coa1_0.description,
        coa1_0.is_active,
        coa1_0.is_taxable,
        coa1_0.parent_account_id,
        coa1_0.restaurant_id,
        coa1_0.updated_at 
    from
        accounting_chart_of_accounts coa1_0 
    where
        coa1_0.restaurant_id=? 
        and coa1_0.account_type=?
2026-04-20T22:59:15.185+05:30 DEBUG 360417 --- [shopro-accounting] [nio-8083-exec-6] org.hibernate.SQL                        : 
    select
        coa1_0.account_id,
        coa1_0.account_code,
        coa1_0.account_name,
        coa1_0.account_sub_type,
        coa1_0.account_type,
        coa1_0.allow_manual_entry,
        coa1_0.balance,
        coa1_0.created_at,
        coa1_0.default_tax_rate,
        coa1_0.description,
        coa1_0.is_active,
        coa1_0.is_taxable,
        coa1_0.parent_account_id,
        coa1_0.restaurant_id,
        coa1_0.updated_at 
    from
        accounting_chart_of_accounts coa1_0 
    where
        coa1_0.restaurant_id=? 
        and coa1_0.account_type=?
2026-04-20T22:59:16.774+05:30 DEBUG 360417 --- [shopro-accounting] [nio-8083-exec-5] org.hibernate.SQL                        : 
    select
        le1_0.entry_id,
        le1_0.account_code,
        le1_0.account_id,
        le1_0.account_name,
        le1_0.category,
        le1_0.created_at,
        le1_0.created_by,
        le1_0.credit_amount,
        le1_0.currency,
        le1_0.debit_amount,
        le1_0.description,
        le1_0.entry_type,
        le1_0.is_reconciled,
        le1_0.notes,
        le1_0.reference_id,
        le1_0.reference_number,
        le1_0.reference_type,
        le1_0.restaurant_id,
        le1_0.staff_id,
        le1_0.staff_name,
        le1_0.tax_amount,
        le1_0.tax_rate,
        le1_0.transaction_date 
    from
        accounting_ledger le1_0 
    where
        le1_0.restaurant_id=? 
        and le1_0.transaction_date between ? and ?
2026-04-20T22:59:16.783+05:30 DEBUG 360417 --- [shopro-accounting] [nio-8083-exec-5] org.hibernate.SQL                        : 
    select
        coa1_0.account_id,
        coa1_0.account_code,
        coa1_0.account_name,
        coa1_0.account_sub_type,
        coa1_0.account_type,
        coa1_0.allow_manual_entry,
        coa1_0.balance,
        coa1_0.created_at,
        coa1_0.default_tax_rate,
        coa1_0.description,
        coa1_0.is_active,
        coa1_0.is_taxable,
        coa1_0.parent_account_id,
        coa1_0.restaurant_id,
        coa1_0.updated_at 
    from
        accounting_chart_of_accounts coa1_0 
    where
        coa1_0.restaurant_id=? 
        and coa1_0.account_type=?
2026-04-20T22:59:16.782+05:30 DEBUG 360417 --- [shopro-accounting] [nio-8083-exec-7] org.hibernate.SQL                        : 
    select
        le1_0.entry_id,
        le1_0.account_code,
        le1_0.account_id,
        le1_0.account_name,
        le1_0.category,
        le1_0.created_at,
        le1_0.created_by,
        le1_0.credit_amount,
        le1_0.currency,
        le1_0.debit_amount,
        le1_0.description,
        le1_0.entry_type,
        le1_0.is_reconciled,
        le1_0.notes,
        le1_0.reference_id,
        le1_0.reference_number,
        le1_0.reference_type,
        le1_0.restaurant_id,
        le1_0.staff_id,
        le1_0.staff_name,
        le1_0.tax_amount,
        le1_0.tax_rate,
        le1_0.transaction_date 
    from
        accounting_ledger le1_0 
    where
        le1_0.restaurant_id=? 
        and le1_0.transaction_date between ? and ?
2026-04-20T22:59:16.787+05:30 DEBUG 360417 --- [shopro-accounting] [nio-8083-exec-5] org.hibernate.SQL                        : 
    select
        coa1_0.account_id,
        coa1_0.account_code,
        coa1_0.account_name,
        coa1_0.account_sub_type,
        coa1_0.account_type,
        coa1_0.allow_manual_entry,
        coa1_0.balance,
        coa1_0.created_at,
        coa1_0.default_tax_rate,
        coa1_0.description,
        coa1_0.is_active,
        coa1_0.is_taxable,
        coa1_0.parent_account_id,
        coa1_0.restaurant_id,
        coa1_0.updated_at 
    from
        accounting_chart_of_accounts coa1_0 
    where
        coa1_0.restaurant_id=? 
        and coa1_0.account_type=?
2026-04-20T22:59:16.791+05:30 DEBUG 360417 --- [shopro-accounting] [nio-8083-exec-5] org.hibernate.SQL                        : 
    select
        coa1_0.account_id,
        coa1_0.account_code,
        coa1_0.account_name,
        coa1_0.account_sub_type,
        coa1_0.account_type,
        coa1_0.allow_manual_entry,
        coa1_0.balance,
        coa1_0.created_at,
        coa1_0.default_tax_rate,
        coa1_0.description,
        coa1_0.is_active,
        coa1_0.is_taxable,
        coa1_0.parent_account_id,
        coa1_0.restaurant_id,
        coa1_0.updated_at 
    from
        accounting_chart_of_accounts coa1_0 
    where
        coa1_0.restaurant_id=? 
        and coa1_0.account_type=?
2026-04-20T22:59:16.795+05:30 DEBUG 360417 --- [shopro-accounting] [nio-8083-exec-5] org.hibernate.SQL                        : 
    select
        le1_0.entry_id,
        le1_0.account_code,
        le1_0.account_id,
        le1_0.account_name,
        le1_0.category,
        le1_0.created_at,
        le1_0.created_by,
        le1_0.credit_amount,
        le1_0.currency,
        le1_0.debit_amount,
        le1_0.description,
        le1_0.entry_type,
        le1_0.is_reconciled,
        le1_0.notes,
        le1_0.reference_id,
        le1_0.reference_number,
        le1_0.reference_type,
        le1_0.restaurant_id,
        le1_0.staff_id,
        le1_0.staff_name,
        le1_0.tax_amount,
        le1_0.tax_rate,
        le1_0.transaction_date 
    from
        accounting_ledger le1_0 
    where
        le1_0.restaurant_id=? 
        and le1_0.transaction_date between ? and ?
2026-04-20T22:59:16.796+05:30 DEBUG 360417 --- [shopro-accounting] [nio-8083-exec-7] org.hibernate.SQL                        : 
    select
        coa1_0.account_id,
        coa1_0.account_code,
        coa1_0.account_name,
        coa1_0.account_sub_type,
        coa1_0.account_type,
        coa1_0.allow_manual_entry,
        coa1_0.balance,
        coa1_0.created_at,
        coa1_0.default_tax_rate,
        coa1_0.description,
        coa1_0.is_active,
        coa1_0.is_taxable,
        coa1_0.parent_account_id,
        coa1_0.restaurant_id,
        coa1_0.updated_at 
    from
        accounting_chart_of_accounts coa1_0 
    where
        coa1_0.restaurant_id=? 
        and coa1_0.account_type=?
2026-04-20T22:59:16.802+05:30 DEBUG 360417 --- [shopro-accounting] [nio-8083-exec-7] org.hibernate.SQL                        : 
    select
        coa1_0.account_id,
        coa1_0.account_code,
        coa1_0.account_name,
        coa1_0.account_sub_type,
        coa1_0.account_type,
        coa1_0.allow_manual_entry,
        coa1_0.balance,
        coa1_0.created_at,
        coa1_0.default_tax_rate,
        coa1_0.description,
        coa1_0.is_active,
        coa1_0.is_taxable,
        coa1_0.parent_account_id,
        coa1_0.restaurant_id,
        coa1_0.updated_at 
    from
        accounting_chart_of_accounts coa1_0 
    where
        coa1_0.restaurant_id=? 
        and coa1_0.account_type=?
2026-04-20T22:59:16.806+05:30 DEBUG 360417 --- [shopro-accounting] [nio-8083-exec-7] org.hibernate.SQL                        : 
    select
        coa1_0.account_id,
        coa1_0.account_code,
        coa1_0.account_name,
        coa1_0.account_sub_type,
        coa1_0.account_type,
        coa1_0.allow_manual_entry,
        coa1_0.balance,
        coa1_0.created_at,
        coa1_0.default_tax_rate,
        coa1_0.description,
        coa1_0.is_active,
        coa1_0.is_taxable,
        coa1_0.parent_account_id,
        coa1_0.restaurant_id,
        coa1_0.updated_at 
    from
        accounting_chart_of_accounts coa1_0 
    where
        coa1_0.restaurant_id=? 
        and coa1_0.account_type=?
2026-04-20T22:59:16.831+05:30 DEBUG 360417 --- [shopro-accounting] [nio-8083-exec-8] org.hibernate.SQL                        : 
    select
        le1_0.entry_id,
        le1_0.account_code,
        le1_0.account_id,
        le1_0.account_name,
        le1_0.category,
        le1_0.created_at,
        le1_0.created_by,
        le1_0.credit_amount,
        le1_0.currency,
        le1_0.debit_amount,
        le1_0.description,
        le1_0.entry_type,
        le1_0.is_reconciled,
        le1_0.notes,
        le1_0.reference_id,
        le1_0.reference_number,
        le1_0.reference_type,
        le1_0.restaurant_id,
        le1_0.staff_id,
        le1_0.staff_name,
        le1_0.tax_amount,
        le1_0.tax_rate,
        le1_0.transaction_date 
    from
        accounting_ledger le1_0 
    where
        le1_0.restaurant_id=? 
        and le1_0.transaction_date between ? and ?
2026-04-20T22:59:16.840+05:30 DEBUG 360417 --- [shopro-accounting] [nio-8083-exec-8] org.hibernate.SQL                        : 
    select
        coa1_0.account_id,
        coa1_0.account_code,
        coa1_0.account_name,
        coa1_0.account_sub_type,
        coa1_0.account_type,
        coa1_0.allow_manual_entry,
        coa1_0.balance,
        coa1_0.created_at,
        coa1_0.default_tax_rate,
        coa1_0.description,
        coa1_0.is_active,
        coa1_0.is_taxable,
        coa1_0.parent_account_id,
        coa1_0.restaurant_id,
        coa1_0.updated_at 
    from
        accounting_chart_of_accounts coa1_0 
    where
        coa1_0.restaurant_id=?

Daemon is stopping immediately stop command received

FAILURE: Build failed with an exception.

* What went wrong:
Gradle build daemon has been stopped: stop command received

* Try:
> Run with --stacktrace option to get the stack trace.
> Run with --info or --debug option to get more log output.
> Run with --scan to get full insights.
> Get more help at https://help.gradle.org.
