> Task :shopro-marketplace-be:compileJava
> Task :shopro-marketplace-be:processResources
> Task :shopro-marketplace-be:classes

BUILD SUCCESSFUL in 10s
2 actionable tasks: 2 executed
