nohup: ignoring input
To honour the JVM settings for this build a single-use Daemon process will be forked. For more on this, please refer to https://docs.gradle.org/8.7/userguide/gradle_daemon.html#sec:disabling_the_daemon in the Gradle documentation.
Exception in thread "DisconnectableInputStream source reader" org.gradle.api.UncheckedIOException: java.io.IOException: Bad file descriptor
	at org.gradle.internal.UncheckedException.throwAsUncheckedException(UncheckedException.java:62)
	at org.gradle.internal.UncheckedException.throwAsUncheckedException(UncheckedException.java:41)
	at org.gradle.util.internal.DisconnectableInputStream$1.run(DisconnectableInputStream.java:127)
	at java.base/java.lang.Thread.run(Thread.java:1583)
Caused by: java.io.IOException: Bad file descriptor
	at java.base/java.io.FileInputStream.readBytes(Native Method)
	at java.base/java.io.FileInputStream.read(FileInputStream.java:287)
	at java.base/java.io.BufferedInputStream.read1(BufferedInputStream.java:345)
	at java.base/java.io.BufferedInputStream.implRead(BufferedInputStream.java:420)
	at java.base/java.io.BufferedInputStream.read(BufferedInputStream.java:399)
	at org.gradle.util.internal.DisconnectableInputStream$1.run(DisconnectableInputStream.java:98)
	... 1 more
Daemon will be stopped at the end of the build 

> Task :shopro-res:compileJava
/home/arun/IdeaProjects/shopro-pos/shopro-res/src/main/java/mls/sho/dms/application/simulator/service/HighFidelitySimulatorService.java:137: error: cannot find symbol
        Outlet outlet = world.getKdsOutletRepository().findAllByRestaurantId(restaurantId).get(0);
        ^
  symbol:   class Outlet
  location: class HighFidelitySimulatorService
/home/arun/IdeaProjects/shopro-pos/shopro-res/src/main/java/mls/sho/dms/application/simulator/service/HighFidelitySimulatorService.java:138: error: cannot find symbol
        KdsStation station = world.getKdsStationRepository().findByOutletId(outlet.getId()).get(0);
        ^
  symbol:   class KdsStation
  location: class HighFidelitySimulatorService
/home/arun/IdeaProjects/shopro-pos/shopro-res/src/main/java/mls/sho/dms/application/simulator/service/HighFidelitySimulatorService.java:139: error: cannot find symbol
        KdsDevice device = world.getKdsDeviceRepository().findAll().stream()
        ^
  symbol:   class KdsDevice
  location: class HighFidelitySimulatorService
/home/arun/IdeaProjects/shopro-pos/shopro-res/src/main/java/mls/sho/dms/application/simulator/service/HighFidelitySimulatorService.java:156: error: cannot find symbol
            var outlet = new Outlet();
                             ^
  symbol:   class Outlet
  location: class HighFidelitySimulatorService
/home/arun/IdeaProjects/shopro-pos/shopro-res/src/main/java/mls/sho/dms/application/simulator/service/HighFidelitySimulatorService.java:163: error: cannot find symbol
            var station = new KdsStation();
                              ^
  symbol:   class KdsStation
  location: class HighFidelitySimulatorService
/home/arun/IdeaProjects/shopro-pos/shopro-res/src/main/java/mls/sho/dms/application/simulator/service/HighFidelitySimulatorService.java:166: error: package KdsStation does not exist
            station.setStationType(KdsStation.StationType.PREP);
                                             ^
/home/arun/IdeaProjects/shopro-pos/shopro-res/src/main/java/mls/sho/dms/application/simulator/service/HighFidelitySimulatorService.java:169: error: cannot find symbol
            var device = new KdsDevice();
                             ^
  symbol:   class KdsDevice
  location: class HighFidelitySimulatorService
/home/arun/IdeaProjects/shopro-pos/shopro-res/src/main/java/mls/sho/dms/application/simulator/service/HighFidelitySimulatorService.java:172: error: package KdsDevice does not exist
            device.setDeviceType(KdsDevice.DeviceType.TABLET);
                                          ^
8 errors

> Task :shopro-res:compileJava FAILED

FAILURE: Build failed with an exception.

* What went wrong:
Execution failed for task ':shopro-res:compileJava'.
> Compilation failed; see the compiler error output for details.

* Try:
> Run with --info option to get more log output.
> Run with --scan to get full insights.

BUILD FAILED in 12s
1 actionable task: 1 executed
