
> shopro-accounting-web@1.0.0 dev
> vite

10:31:54 pm [vite] (client) Re-optimizing dependencies because vite config has changed

  VITE v7.3.2  ready in 262 ms

  ➜  Local:   http://localhost:5173/
  ➜  Network: use --host to expose
(!) Failed to run dependency scan. Skipping dependency pre-bundling. Error:   Failed to scan for dependencies from entries:
  /home/arun/IdeaProjects/shopro-pos/shopro-accounting-web/index.html

  [31m✘ [41;31m[[41;97mERROR[41;31m][0m [1mUnexpected "<<"[0m

    src/App.tsx:29:4:
[37m      29 │     [32m<<[37mQueryQueryClientProvider client={queryClient}>
         ╵     [32m~~[0m


    at failureErrorWithLog (/home/arun/IdeaProjects/shopro-pos/shopro-accounting-web/node_modules/esbuild/lib/main.js:1748:15)
    at /home/arun/IdeaProjects/shopro-pos/shopro-accounting-web/node_modules/esbuild/lib/main.js:1207:25
    at runOnEndCallbacks (/home/arun/IdeaProjects/shopro-pos/shopro-accounting-web/node_modules/esbuild/lib/main.js:1588:45)
    at buildResponseToResult (/home/arun/IdeaProjects/shopro-pos/shopro-accounting-web/node_modules/esbuild/lib/main.js:1205:7)
    at /home/arun/IdeaProjects/shopro-pos/shopro-accounting-web/node_modules/esbuild/lib/main.js:1217:9
    at new Promise (<anonymous>)
    at requestCallbacks.on-end (/home/arun/IdeaProjects/shopro-pos/shopro-accounting-web/node_modules/esbuild/lib/main.js:1216:54)
    at handleRequest (/home/arun/IdeaProjects/shopro-pos/shopro-accounting-web/node_modules/esbuild/lib/main.js:909:17)
    at handleIncomingPacket (/home/arun/IdeaProjects/shopro-pos/shopro-accounting-web/node_modules/esbuild/lib/main.js:934:7)
    at Socket.readFromStdout (/home/arun/IdeaProjects/shopro-pos/shopro-accounting-web/node_modules/esbuild/lib/main.js:862:7)
